Component: ARM Compiler 5.06 update 7 (build 960) Tool: armlink [4d3601]

==============================================================================

Section Cross References

    main.o(.text) refers to misc.o(.text) for NVIC_PriorityGroupConfig
    main.o(.text) refers to delay.o(.text) for delay_init
    main.o(.text) refers to usart.o(.text) for uart_init
    main.o(.text) refers to led.o(.text) for LED_Init
    main.o(.text) refers to timer.o(.text) for TIM1_Int_Init
    main.o(.text) refers to exti.o(.text) for EXTIX_Init
    system_stm32f4xx.o(.text) refers to system_stm32f4xx.o(.data) for SystemCoreClock
    led.o(.text) refers to stm32f4xx_rcc.o(.text) for RCC_AHB1PeriphClockCmd
    led.o(.text) refers to stm32f4xx_gpio.o(.text) for GPIO_Init
    key.o(.text) refers to stm32f4xx_rcc.o(.text) for RCC_AHB1PeriphClockCmd
    key.o(.text) refers to stm32f4xx_gpio.o(.text) for GPIO_Init
    exti.o(.text) refers to stm32f4xx_gpio.o(.text) for GPIO_ReadInputDataBit
    exti.o(.text) refers to stm32f4xx_exti.o(.text) for EXTI_ClearITPendingBit
    exti.o(.text) refers to key.o(.text) for KEY_Init
    exti.o(.text) refers to stm32f4xx_rcc.o(.text) for RCC_APB2PeriphClockCmd
    exti.o(.text) refers to stm32f4xx_syscfg.o(.text) for SYSCFG_EXTILineConfig
    exti.o(.text) refers to misc.o(.text) for NVIC_Init
    exti.o(.text) refers to timer.o(.data) for T_count
    exti.o(.text) refers to exti.o(.data) for MIT1_S
    timer.o(.text) refers to _printf_percent.o(.ARM.Collect$$_printf_percent$$00000000) for _printf_percent
    timer.o(.text) refers to _printf_f.o(.ARM.Collect$$_printf_percent$$00000003) for _printf_f
    timer.o(.text) refers to printf1.o(x$fpl$printf1) for _printf_fp_dec
    timer.o(.text) refers to _printf_s.o(.ARM.Collect$$_printf_percent$$00000014) for _printf_s
    timer.o(.text) refers to _printf_str.o(.text) for _printf_str
    timer.o(.text) refers to stm32f4xx_rcc.o(.text) for RCC_APB2PeriphClockCmd
    timer.o(.text) refers to misc.o(.text) for NVIC_Init
    timer.o(.text) refers to stm32f4xx_tim.o(.text) for TIM_TimeBaseInit
    timer.o(.text) refers to usart.o(.text) for USART2_printf
    timer.o(.text) refers to tdoa.o(.text) for Get_TDOA
    timer.o(.text) refers to __2sprintf.o(.text) for __2sprintf
    timer.o(.text) refers to __2printf.o(.text) for __2printf
    timer.o(.text) refers to delay.o(.text) for delay_ms
    timer.o(.text) refers to exti.o(.data) for MIT1_S
    timer.o(.text) refers to tdoa.o(.bss) for TDOA_S
    timer.o(.text) refers to timer.o(.bss) for buf
    timer.o(.text) refers to timer.o(.data) for T_count
    tdoa.o(.text) refers to dmul.o(x$fpl$dmul) for __aeabi_dmul
    tdoa.o(.text) refers to daddsub_clz.o(x$fpl$dsub) for __aeabi_dsub
    tdoa.o(.text) refers to ddiv.o(x$fpl$ddiv) for __aeabi_ddiv
    tdoa.o(.text) refers to daddsub_clz.o(x$fpl$dadd) for __aeabi_dadd
    tdoa.o(.text) refers to sqrt.o(i.__hardfp_sqrt) for __hardfp_sqrt
    tdoa.o(.text) refers to drleqf.o(x$fpl$drleqf) for __aeabi_cdrcmple
    tdoa.o(.text) refers to acos.o(i.__hardfp_acos) for __hardfp_acos
    tdoa.o(.text) refers to daddsub_clz.o(x$fpl$drsb) for __aeabi_drsub
    tdoa.o(.text) refers to atan.o(i.__hardfp_atan) for __hardfp_atan
    tdoa.o(.text) refers to dleqf.o(x$fpl$dleqf) for __aeabi_cdcmple
    tdoa.o(.text) refers to tdoa.o(.bss) for TDOA_S
    tdoa.o(.text) refers to fabs.o(i.__hardfp_fabs) for __hardfp_fabs
    tdoa.o(.text) refers to cos.o(i.__hardfp_cos) for __hardfp_cos
    tdoa.o(.text) refers to dflt_clz.o(x$fpl$dflt) for __aeabi_i2d
    tdoa.o(.text) refers to exti.o(.data) for MIT2_S
    tdoa.o(.text) refers to usart.o(.text) for USART2_printf
    delay.o(.text) refers to misc.o(.text) for SysTick_CLKSourceConfig
    delay.o(.text) refers to delay.o(.data) for fac_us
    usart.o(.rev16_text) refers (Special) to use_no_semi_2.o(.text) for __use_no_semihosting
    usart.o(.revsh_text) refers (Special) to use_no_semi_2.o(.text) for __use_no_semihosting
    usart.o(.text) refers (Special) to use_no_semi_2.o(.text) for __use_no_semihosting
    usart.o(.text) refers to stm32f4xx_rcc.o(.text) for RCC_AHB1PeriphClockCmd
    usart.o(.text) refers to stm32f4xx_gpio.o(.text) for GPIO_PinAFConfig
    usart.o(.text) refers to stm32f4xx_usart.o(.text) for USART_Init
    usart.o(.text) refers to misc.o(.text) for NVIC_Init
    usart.o(.text) refers to c89vsnprintf.o(.text) for __c89vsnprintf
    usart.o(.text) refers to strlen.o(.text) for strlen
    usart.o(.text) refers to usart.o(.data) for USART_RX_STA
    usart.o(.text) refers to usart.o(.bss) for USART_RX_BUF
    usart.o(.bss) refers (Special) to use_no_semi_2.o(.text) for __use_no_semihosting
    usart.o(.data) refers (Special) to use_no_semi_2.o(.text) for __use_no_semihosting
    startup_stm32f40_41xxx.o(STACK) refers (Special) to heapauxi.o(.text) for __use_two_region_memory
    startup_stm32f40_41xxx.o(HEAP) refers (Special) to heapauxi.o(.text) for __use_two_region_memory
[...]
    STACK                                    0x200004c0   Section     1024  startup_stm32f40_41xxx.o(STACK)
    Stack_Mem                                0x200004c0   Data        1024  startup_stm32f40_41xxx.o(STACK)
    __initial_sp                             0x200008c0   Data           0  startup_stm32f40_41xxx.o(STACK)

    Global Symbols

    Symbol Name                              Value     Ov Type        Size  Object(Section)

    BuildAttributes$$THM_ISAv4$E$P$D$K$B$S$7EM$VFPi3$EXTD16$VFPS$VFMA$PE$A:L22UL41UL21$X:L11$S22US41US21$IEEE1$IW$USESV6$~STKCKD$USESV7$~SHL$OTIME$ROPI$IEEEX$EBA8$UX$STANDARDLIB$REQ8$PRES8$EABIv2 0x00000000   Number         0  anon$$obj.o ABSOLUTE
    __ARM_use_no_argv                        0x00000000   Number         0  main.o ABSOLUTE
    _printf_flags                            0x00000000   Number         0  printf_stubs.o ABSOLUTE
    _printf_return_value                     0x00000000   Number         0  printf_stubs.o ABSOLUTE
    _printf_sizespec                         0x00000000   Number         0  printf_stubs.o ABSOLUTE
    _printf_widthprec                        0x00000000   Number         0  printf_stubs.o ABSOLUTE
    __ARM_exceptions_init                     - Undefined Weak Reference
    __alloca_initialize                       - Undefined Weak Reference
    __arm_fini_                               - Undefined Weak Reference
    __arm_preinit_                            - Undefined Weak Reference
    __cpp_initialize__aeabi_                  - Undefined Weak Reference
    __cxa_finalize                            - Undefined Weak Reference
    __sigvec_lookup                           - Undefined Weak Reference
    _atexit_init                              - Undefined Weak Reference
    _call_atexit_fns                          - Undefined Weak Reference
    _clock_init                               - Undefined Weak Reference
    _fp_trap_init                             - Undefined Weak Reference
    _fp_trap_shutdown                         - Undefined Weak Reference
    _get_lc_collate                           - Undefined Weak Reference
    _get_lc_monetary                          - Undefined Weak Reference
    _get_lc_time                              - Undefined Weak Reference
    _getenv_init                              - Undefined Weak Reference
    _handle_redirection                       - Undefined Weak Reference
    _init_alloc                               - Undefined Weak Reference
    _init_user_alloc                          - Undefined Weak Reference
    _initio                                   - Undefined Weak Reference
    _mutex_acquire                            - Undefined Weak Reference
    _mutex_release                            - Undefined Weak Reference
    _printf_fp_hex                            - Undefined Weak Reference
    _printf_mbtowc                            - Undefined Weak Reference
    _printf_wc                                - Undefined Weak Reference
    _rand_init                                - Undefined Weak Reference
    _signal_finish                            - Undefined Weak Reference
    _signal_init                              - Undefined Weak Reference
    _terminate_alloc                          - Undefined Weak Reference
    _terminate_user_alloc                     - Undefined Weak Reference
    _terminateio                              - Undefined Weak Reference
    __Vectors_Size                           0x00000188   Number         0  startup_stm32f40_41xxx.o ABSOLUTE
    __Vectors                                0x08000000   Data           4  startup_stm32f40_41xxx.o(RESET)
    __Vectors_End                            0x08000188   Data           0  startup_stm32f40_41xxx.o(RESET)
    __main                                   0x08000189   Thumb Code     8  __main.o(!!!main)
    __scatterload                            0x08000191   Thumb Code     0  __scatter.o(!!!scatter)
    __scatterload_rt2                        0x08000191   Thumb Code    44  __scatter.o(!!!scatter)
    __scatterload_rt2_thumb_only             0x08000191   Thumb Code     0  __scatter.o(!!!scatter)
    __scatterload_null                       0x0800019f   Thumb Code     0  __scatter.o(!!!scatter)
    __scatterload_copy                       0x080001c5   Thumb Code    26  __scatter_copy.o(!!handler_copy)
    __scatterload_zeroinit                   0x080001e1   Thumb Code    28  __scatter_zi.o(!!handler_zi)
    _printf_n                                0x080001fd   Thumb Code     0  _printf_n.o(.ARM.Collect$$_printf_percent$$00000001)
    _printf_percent                          0x080001fd   Thumb Code     0  _printf_percent.o(.ARM.Collect$$_printf_percent$$00000000)
    _printf_p                                0x08000203   Thumb Code     0  _printf_p.o(.ARM.Collect$$_printf_percent$$00000002)
    _printf_f                                0x08000209   Thumb Code     0  _printf_f.o(.ARM.Collect$$_printf_percent$$00000003)
    _printf_e                                0x0800020f   Thumb Code     0  _printf_e.o(.ARM.Collect$$_printf_percent$$00000004)
    _printf_g                                0x08000215   Thumb Code     0  _printf_g.o(.ARM.Collect$$_printf_percent$$00000005)
    _printf_a                                0x0800021b   Thumb Code     0  _printf_a.o(.ARM.Collect$$_printf_percent$$00000006)
    _printf_ll                               0x08000221   Thumb Code     0  _printf_ll.o(.ARM.Collect$$_printf_percent$$00000007)
    _printf_i                                0x0800022b   Thumb Code     0  _printf_i.o(.ARM.Collect$$_printf_percent$$00000008)
    _printf_d                                0x08000231   Thumb Code     0  _printf_d.o(.ARM.Collect$$_printf_percent$$00000009)
    _printf_u                                0x08000237   Thumb Code     0  _printf_u.o(.ARM.Collect$$_printf_percent$$0000000A)
    _printf_o                                0x0800023d   Thumb Code     0  _printf_o.o(.ARM.Collect$$_printf_percent$$0000000B)
    _printf_x                                0x08000243   Thumb Code     0  _printf_x.o(.ARM.Collect$$_printf_percent$$0000000C)
    _printf_lli                              0x08000249   Thumb Code     0  _printf_lli.o(.ARM.Collect$$_printf_percent$$0000000D)
    _printf_lld                              0x0800024f   Thumb Code     0  _printf_lld.o(.ARM.Collect$$_printf_percent$$0000000E)
    _printf_llu                              0x08000255   Thumb Code     0  _printf_llu.o(.ARM.Collect$$_printf_percent$$0000000F)
    _printf_llo                              0x0800025b   Thumb Code     0  _printf_llo.o(.ARM.Collect$$_printf_percent$$00000010)
    _printf_llx                              0x08000261   Thumb Code     0  _printf_llx.o(.ARM.Collect$$_printf_percent$$00000011)
    _printf_l                                0x08000267   Thumb Code     0  _printf_l.o(.ARM.Collect$$_printf_percent$$00000012)
    _printf_c                                0x08000271   Thumb Code     0  _printf_c.o(.ARM.Collect$$_printf_percent$$00000013)
    _printf_s                                0x08000277   Thumb Code     0  _printf_s.o(.ARM.Collect$$_printf_percent$$00000014)
    _printf_lc                               0x0800027d   Thumb Code     0  _printf_lc.o(.ARM.Collect$$_printf_percent$$00000015)
    _printf_ls                               0x08000283   Thumb Code     0  _printf_ls.o(.ARM.Collect$$_printf_percent$$00000016)
    _printf_percent_end                      0x08000289   Thumb Code     0  _printf_percent_end.o(.ARM.Collect$$_printf_percent$$00000017)
    __rt_lib_init                            0x0800028d   Thumb Code     0  libinit.o(.ARM.Collect$$libinit$$00000000)
    __rt_lib_init_fp_1                       0x0800028f   Thumb Code     0  libinit2.o(.ARM.Collect$$libinit$$00000001)
    __rt_lib_init_heap_1                     0x08000293   Thumb Code     0  libinit2.o(.ARM.Collect$$libinit$$0000000A)
    __rt_lib_init_lc_common                  0x08000293   Thumb Code     0  libinit2.o(.ARM.Collect$$libinit$$0000000F)
    __rt_lib_init_preinit_1                  0x08000293   Thumb Code     0  libinit2.o(.ARM.Collect$$libinit$$00000004)
    __rt_lib_init_rand_1                     0x08000293   Thumb Code     0  libinit2.o(.ARM.Collect$$libinit$$0000000E)
    __rt_lib_init_user_alloc_1               0x08000293   Thumb Code     0  libinit2.o(.ARM.Collect$$libinit$$0000000C)
    __rt_lib_init_lc_collate_1               0x08000299   Thumb Code     0  libinit2.o(.ARM.Collect$$libinit$$00000011)
    __rt_lib_init_lc_ctype_2                 0x08000299   Thumb Code     0  libinit2.o(.ARM.Collect$$libinit$$00000012)
    __rt_lib_init_lc_ctype_1                 0x080002a5   Thumb Code     0  libinit2.o(.ARM.Collect$$libinit$$00000013)
    __rt_lib_init_lc_monetary_1              0x080002a5   Thumb Code     0  libinit2.o(.ARM.Collect$$libinit$$00000015)
    __rt_lib_init_lc_numeric_2               0x080002a5   Thumb Code     0  libinit2.o(.ARM.Collect$$libinit$$00000016)
    __rt_lib_init_alloca_1                   0x080002af   Thumb Code     0  libinit2.o(.ARM.Collect$$libinit$$0000002E)
    __rt_lib_init_argv_1                     0x080002af   Thumb Code     0  libinit2.o(.ARM.Collect$$libinit$$0000002C)
    __rt_lib_init_atexit_1                   0x080002af   Thumb Code     0  libinit2.o(.ARM.Collect$$libinit$$0000001B)
    __rt_lib_init_clock_1                    0x080002af   Thumb Code     0  libinit2.o(.ARM.Collect$$libinit$$00000021)
    __rt_lib_init_cpp_1                      0x080002af   Thumb Code     0  libinit2.o(.ARM.Collect$$libinit$$00000032)
    __rt_lib_init_exceptions_1               0x080002af   Thumb Code     0  libinit2.o(.ARM.Collect$$libinit$$00000030)
    __rt_lib_init_fp_trap_1                  0x080002af   Thumb Code     0  libinit2.o(.ARM.Collect$$libinit$$0000001F)
    __rt_lib_init_getenv_1                   0x080002af   Thumb Code     0  libinit2.o(.ARM.Collect$$libinit$$00000023)
    __rt_lib_init_lc_numeric_1               0x080002af   Thumb Code     0  libinit2.o(.ARM.Collect$$libinit$$00000017)
    __rt_lib_init_lc_time_1                  0x080002af   Thumb Code     0  libinit2.o(.ARM.Collect$$libinit$$00000019)
    __rt_lib_init_return                     0x080002af   Thumb Code     0  libinit2.o(.ARM.Collect$$libinit$$00000033)
    __rt_lib_init_signal_1                   0x080002af   Thumb Code     0  libinit2.o(.ARM.Collect$$libinit$$0000001D)
    __rt_lib_init_stdio_1                    0x080002af   Thumb Code     0  libinit2.o(.ARM.Collect$$libinit$$00000025)
    __rt_lib_shutdown                        0x080002b1   Thumb Code     0  libshutdown.o(.ARM.Collect$$libshutdown$$00000000)
    __rt_lib_shutdown_cpp_1                  0x080002b3   Thumb Code     0  libshutdown2.o(.ARM.Collect$$libshutdown$$00000004)
    __rt_lib_shutdown_fini_1                 0x080002b3   Thumb Code     0  libshutdown2.o(.ARM.Collect$$libshutdown$$00000002)
    __rt_lib_shutdown_fp_trap_1              0x080002b3   Thumb Code     0  libshutdown2.o(.ARM.Collect$$libshutdown$$00000009)
    __rt_lib_shutdown_heap_1                 0x080002b3   Thumb Code     0  libshutdown2.o(.ARM.Collect$$libshutdown$$00000011)
    __rt_lib_shutdown_return                 0x080002b3   Thumb Code     0  libshutdown2.o(.ARM.Collect$$libshutdown$$00000012)
    __rt_lib_shutdown_signal_1               0x080002b3   Thumb Code     0  libshutdown2.o(.ARM.Collect$$libshutdown$$0000000C)
    __rt_lib_shutdown_stdio_1                0x080002b3   Thumb Code     0  libshutdown2.o(.ARM.Collect$$libshutdown$$00000006)
    __rt_lib_shutdown_user_alloc_1           0x080002b3   Thumb Code     0  libshutdown2.o(.ARM.Collect$$libshutdown$$0000000E)
    __rt_entry                               0x080002b5   Thumb Code     0  __rtentry.o(.ARM.Collect$$rtentry$$00000000)
    __rt_entry_presh_1                       0x080002b5   Thumb Code     0  __rtentry2.o(.ARM.Collect$$rtentry$$00000002)
    __rt_entry_sh                            0x080002b5   Thumb Code     0  __rtentry4.o(.ARM.Collect$$rtentry$$00000004)
    __rt_entry_li                            0x080002bb   Thumb Code     0  __rtentry2.o(.ARM.Collect$$rtentry$$0000000A)
    __rt_entry_postsh_1                      0x080002bb   Thumb Code     0  __rtentry2.o(.ARM.Collect$$rtentry$$00000009)
    __rt_entry_main                          0x080002bf   Thumb Code     0  __rtentry2.o(.ARM.Collect$$rtentry$$0000000D)
    __rt_entry_postli_1                      0x080002bf   Thumb Code     0  __rtentry2.o(.ARM.Collect$$rtentry$$0000000C)
    __rt_exit                                0x080002c7   Thumb Code     0  rtexit.o(.ARM.Collect$$rtexit$$00000000)
    __rt_exit_ls                             0x080002c9   Thumb Code     0  rtexit2.o(.ARM.Collect$$rtexit$$00000003)
    __rt_exit_prels_1                        0x080002c9   Thumb Code     0  rtexit2.o(.ARM.Collect$$rtexit$$00000002)
    __rt_exit_exit                           0x080002cd   Thumb Code     0  rtexit2.o(.ARM.Collect$$rtexit$$00000004)
    main                                     0x080002d3   Thumb Code    50  main.o(.text)
    NMI_Handler                              0x08000305   Thumb Code     2  stm32f4xx_it.o(.text)
    HardFault_Handler                        0x08000307   Thumb Code     4  stm32f4xx_it.o(.text)
    MemManage_Handler                        0x0800030b   Thumb Code     4  stm32f4xx_it.o(.text)
    BusFault_Handler                         0x0800030f   Thumb Code     4  stm32f4xx_it.o(.text)
    UsageFault_Handler                       0x08000313   Thumb Code     4  stm32f4xx_it.o(.text)
    SVC_Handler                              0x08000317   Thumb Code     2  stm32f4xx_it.o(.text)
    DebugMon_Handler                         0x08000319   Thumb Code     2  stm32f4xx_it.o(.text)
    PendSV_Handler                           0x0800031b   Thumb Code     2  stm32f4xx_it.o(.text)
    SysTick_Handler                          0x0800031d   Thumb Code     2  stm32f4xx_it.o(.text)
    SystemInit                               0x080003fd   Thumb Code    88  system_stm32f4xx.o(.text)
    SystemCoreClockUpdate                    0x08000455   Thumb Code   174  system_stm32f4xx.o(.text)
    LED_Init                                 0x08000531   Thumb Code    60  led.o(.text)
    KEY_Init                                 0x08000571   Thumb Code    54  key.o(.text)
    EXTI_Free                                0x080005b1   Thumb Code    44  exti.o(.text)
    EXTI1_IRQHandler                         0x080005dd   Thumb Code    46  exti.o(.text)
    EXTI2_IRQHandler                         0x0800060b   Thumb Code    46  exti.o(.text)
    EXTI3_IRQHandler                         0x08000639   Thumb Code    46  exti.o(.text)
    EXTI4_IRQHandler                         0x08000667   Thumb Code    46  exti.o(.text)
    EXTIX_Init                               0x08000695   Thumb Code   220  exti.o(.text)
    TIM1_Int_Init                            0x0800078d   Thumb Code    98  timer.o(.text)
    TIM1_UP_TIM10_IRQHandler                 0x080007ef   Thumb Code   210  timer.o(.text)
    f1                                       0x08000915   Thumb Code   978  tdoa.o(.text)
    f2                                       0x08000ce7   Thumb Code   568  tdoa.o(.text)
    Get_TDOA                                 0x08000f1f   Thumb Code  1218  tdoa.o(.text)
    delay_init                               0x08001435   Thumb Code    52  delay.o(.text)
    delay_us                                 0x08001469   Thumb Code    72  delay.o(.text)
    delay_xms                                0x080014b1   Thumb Code    72  delay.o(.text)
    delay_ms                                 0x080014f9   Thumb Code    56  delay.o(.text)
    _sys_exit                                0x08001539   Thumb Code     4  usart.o(.text)
    fputc                                    0x0800153d   Thumb Code    22  usart.o(.text)
    uart_init                                0x08001553   Thumb Code   164  usart.o(.text)
    USART1_IRQHandler                        0x080015f7   Thumb Code   122  usart.o(.text)
    USART2_printf                            0x08001671   Thumb Code    82  usart.o(.text)
    uart2_init                               0x080016c3   Thumb Code   164  usart.o(.text)
    USART2_IRQHandler                        0x08001767   Thumb Code     2  usart.o(.text)
    Reset_Handler                            0x0800177d   Thumb Code     8  startup_stm32f40_41xxx.o(.text)
    ADC_IRQHandler                           0x08001797   Thumb Code     0  startup_stm32f40_41xxx.o(.text)
    CAN1_RX0_IRQHandler                      0x08001797   Thumb Code     0  startup_stm32f40_41xxx.o(.text)
    CAN1_RX1_IRQHandler                      0x08001797   Thumb Code     0  startup_stm32f40_41xxx.o(.text)
    CAN1_SCE_IRQHandler                      0x08001797   Thumb Code     0  startup_stm32f40_41xxx.o(.text)
    CAN1_TX_IRQHandler                       0x08001797   Thumb Code     0  startup_stm32f40_41xxx.o(.text)
    CAN2_RX0_IRQHandler                      0x08001797   Thumb Code     0  startup_stm32f40_41xxx.o(.text)
    CAN2_RX1_IRQHandler                      0x08001797   Thumb Code     0  startup_stm32f40_41xxx.o(.text)
    CAN2_SCE_IRQHandler                      0x08001797   Thumb Code     0  startup_stm32f40_41xxx.o(.text)
    CAN2_TX_IRQHandler                       0x08001797   Thumb Code     0  startup_stm32f40_41xxx.o(.text)
    CRYP_IRQHandler                          0x08001797   Thumb Code     0  startup_stm32f40_41xxx.o(.text)
    DCMI_IRQHandler                          0x08001797   Thumb Code     0  startup_stm32f40_41xxx.o(.text)
    DMA1_Stream0_IRQHandler                  0x08001797   Thumb Code     0  startup_stm32f40_41xxx.o(.text)
    DMA1_Stream1_IRQHandler                  0x08001797   Thumb Code     0  startup_stm32f40_41xxx.o(.text)
    DMA1_Stream2_IRQHandler                  0x08001797   Thumb Code     0  startup_stm32f40_41xxx.o(.text)
    DMA1_Stream3_IRQHandler                  0x08001797   Thumb Code     0  startup_stm32f40_41xxx.o(.text)
    DMA1_Stream4_IRQHandler                  0x08001797   Thumb Code     0  startup_stm32f40_41xxx.o(.text)
    DMA1_Stream5_IRQHandler                  0x08001797   Thumb Code     0  startup_stm32f40_41xxx.o(.text)
    DMA1_Stream6_IRQHandler                  0x08001797   Thumb Code     0  startup_stm32f40_41xxx.o(.text)
    DMA1_Stream7_IRQHandler                  0x08001797   Thumb Code     0  startup_stm32f40_41xxx.o(.text)
    DMA2_Stream0_IRQHandler                  0x08001797   Thumb Code     0  startup_stm32f40_41xxx.o(.text)
    DMA2_Stream1_IRQHandler                  0x08001797   Thumb Code     0  startup_stm32f40_41xxx.o(.text)
    DMA2_Stream2_IRQHandler                  0x08001797   Thumb Code     0  startup_stm32f40_41xxx.o(.text)
    DMA2_Stream3_IRQHandler                  0x08001797   Thumb Code     0  startup_stm32f40_41xxx.o(.text)
    DMA2_Stream4_IRQHandler                  0x08001797   Thumb Code     0  startup_stm32f40_41xxx.o(.text)
    DMA2_Stream5_IRQHandler                  0x08001797   Thumb Code     0  startup_stm32f40_41xxx.o(.text)
    DMA2_Stream6_IRQHandler                  0x08001797   Thumb Code     0  startup_stm32f40_41xxx.o(.text)
    DMA2_Stream7_IRQHandler                  0x08001797   Thumb Code     0  startup_stm32f40_41xxx.o(.text)
    ETH_IRQHandler                           0x08001797   Thumb Code     0  startup_stm32f40_41xxx.o(.text)
    ETH_WKUP_IRQHandler                      0x08001797   Thumb Code     0  startup_stm32f40_41xxx.o(.text)
    EXTI0_IRQHandler                         0x08001797   Thumb Code     0  startup_stm32f40_41xxx.o(.text)
    EXTI15_10_IRQHandler                     0x08001797   Thumb Code     0  startup_stm32f40_41xxx.o(.text)
    EXTI9_5_IRQHandler                       0x08001797   Thumb Code     0  startup_stm32f40_41xxx.o(.text)
    FLASH_IRQHandler                         0x08001797   Thumb Code     0  startup_stm32f40_41xxx.o(.text)
    FPU_IRQHandler                           0x08001797   Thumb Code     0  startup_stm32f40_41xxx.o(.text)
    FSMC_IRQHandler                          0x08001797   Thumb Code     0  startup_stm32f40_41xxx.o(.text)
    HASH_RNG_IRQHandler                      0x08001797   Thumb Code     0  startup_stm32f40_41xxx.o(.text)
    I2C1_ER_IRQHandler                       0x08001797   Thumb Code     0  startup_stm32f40_41xxx.o(.text)
    I2C1_EV_IRQHandler                       0x08001797   Thumb Code     0  startup_stm32f40_41xxx.o(.text)
    I2C2_ER_IRQHandler                       0x08001797   Thumb Code     0  startup_stm32f40_41xxx.o(.text)
    I2C2_EV_IRQHandler                       0x08001797   Thumb Code     0  startup_stm32f40_41xxx.o(.text)
    I2C3_ER_IRQHandler                       0x08001797   Thumb Code     0  startup_stm32f40_41xxx.o(.text)
    I2C3_EV_IRQHandler                       0x08001797   Thumb Code     0  startup_stm32f40_41xxx.o(.text)
    OTG_FS_IRQHandler                        0x08001797   Thumb Code     0  startup_stm32f40_41xxx.o(.text)
    OTG_FS_WKUP_IRQHandler                   0x08001797   Thumb Code     0  startup_stm32f40_41xxx.o(.text)
    OTG_HS_EP1_IN_IRQHandler                 0x08001797   Thumb Code     0  startup_stm32f40_41xxx.o(.text)
    OTG_HS_EP1_OUT_IRQHandler                0x08001797   Thumb Code     0  startup_stm32f40_41xxx.o(.text)
    OTG_HS_IRQHandler                        0x08001797   Thumb Code     0  startup_stm32f40_41xxx.o(.text)
    OTG_HS_WKUP_IRQHandler                   0x08001797   Thumb Code     0  startup_stm32f40_41xxx.o(.text)
    PVD_IRQHandler                           0x08001797   Thumb Code     0  startup_stm32f40_41xxx.o(.text)
    RCC_IRQHandler                           0x08001797   Thumb Code     0  startup_stm32f40_41xxx.o(.text)
    RTC_Alarm_IRQHandler                     0x08001797   Thumb Code     0  startup_stm32f40_41xxx.o(.text)
    RTC_WKUP_IRQHandler                      0x08001797   Thumb Code     0  startup_stm32f40_41xxx.o(.text)
    SDIO_IRQHandler                          0x08001797   Thumb Code     0  startup_stm32f40_41xxx.o(.text)
    SPI1_IRQHandler                          0x08001797   Thumb Code     0  startup_stm32f40_41xxx.o(.text)
    SPI2_IRQHandler                          0x08001797   Thumb Code     0  startup_stm32f40_41xxx.o(.text)
    SPI3_IRQHandler                          0x08001797   Thumb Code     0  startup_stm32f40_41xxx.o(.text)
    TAMP_STAMP_IRQHandler                    0x08001797   Thumb Code     0  startup_stm32f40_41xxx.o(.text)
    TIM1_BRK_TIM9_IRQHandler                 0x08001797   Thumb Code     0  startup_stm32f40_41xxx.o(.text)
    TIM1_CC_IRQHandler                       0x08001797   Thumb Code     0  startup_stm32f40_41xxx.o(.text)
    TIM1_TRG_COM_TIM11_IRQHandler            0x08001797   Thumb Code     0  startup_stm32f40_41xxx.o(.text)
    TIM2_IRQHandler                          0x08001797   Thumb Code     0  startup_stm32f40_41xxx.o(.text)
    TIM3_IRQHandler                          0x08001797   Thumb Code     0  startup_stm32f40_41xxx.o(.text)
    TIM4_IRQHandler                          0x08001797   Thumb Code     0  startup_stm32f40_41xxx.o(.text)
    TIM5_IRQHandler                          0x08001797   Thumb Code     0  startup_stm32f40_41xxx.o(.text)
    TIM6_DAC_IRQHandler                      0x08001797   Thumb Code     0  startup_stm32f40_41xxx.o(.text)
    TIM7_IRQHandler                          0x08001797   Thumb Code     0  startup_stm32f40_41xxx.o(.text)
    TIM8_BRK_TIM12_IRQHandler                0x08001797   Thumb Code     0  startup_stm32f40_41xxx.o(.text)
    TIM8_CC_IRQHandler                       0x08001797   Thumb Code     0  startup_stm32f40_41xxx.o(.text)
    TIM8_TRG_COM_TIM14_IRQHandler            0x08001797   Thumb Code     0  startup_stm32f40_41xxx.o(.text)
    TIM8_UP_TIM13_IRQHandler                 0x08001797   Thumb Code     0  startup_stm32f40_41xxx.o(.text)
    UART4_IRQHandler                         0x08001797   Thumb Code     0  startup_stm32f40_41xxx.o(.text)
    UART5_IRQHandler                         0x08001797   Thumb Code     0  startup_stm32f40_41xxx.o(.text)
    USART3_IRQHandler                        0x08001797   Thumb Code     0  startup_stm32f40_41xxx.o(.text)
    USART6_IRQHandler                        0x08001797   Thumb Code     0  startup_stm32f40_41xxx.o(.text)
    WWDG_IRQHandler                          0x08001797   Thumb Code     0  startup_stm32f40_41xxx.o(.text)
    __user_initial_stackheap                 0x08001799   Thumb Code     0  startup_stm32f40_41xxx.o(.text)
    NVIC_PriorityGroupConfig                 0x080017bd   Thumb Code    10  misc.o(.text)
    NVIC_Init                                0x080017c7   Thumb Code   106  misc.o(.text)
    NVIC_SetVectorTable                      0x08001831   Thumb Code    14  misc.o(.text)
    NVIC_SystemLPConfig                      0x0800183f   Thumb Code    34  misc.o(.text)
    SysTick_CLKSourceConfig                  0x08001861   Thumb Code    40  misc.o(.text)
    GPIO_DeInit                              0x0800189d   Thumb Code   268  stm32f4xx_gpio.o(.text)
    GPIO_Init                                0x080019a9   Thumb Code   144  stm32f4xx_gpio.o(.text)
    GPIO_StructInit                          0x08001a39   Thumb Code    18  stm32f4xx_gpio.o(.text)
    GPIO_PinLockConfig                       0x08001a4b   Thumb Code    34  stm32f4xx_gpio.o(.text)
    GPIO_ReadInputDataBit                    0x08001a6d   Thumb Code    18  stm32f4xx_gpio.o(.text)
    GPIO_ReadInputData                       0x08001a7f   Thumb Code     8  stm32f4xx_gpio.o(.text)
    GPIO_ReadOutputDataBit                   0x08001a87   Thumb Code    18  stm32f4xx_gpio.o(.text)
    GPIO_ReadOutputData                      0x08001a99   Thumb Code     8  stm32f4xx_gpio.o(.text)
    GPIO_SetBits                             0x08001aa1   Thumb Code     4  stm32f4xx_gpio.o(.text)
    GPIO_ResetBits                           0x08001aa5   Thumb Code     4  stm32f4xx_gpio.o(.text)
    GPIO_WriteBit                            0x08001aa9   Thumb Code    10  stm32f4xx_gpio.o(.text)
    GPIO_Write                               0x08001ab3   Thumb Code     4  stm32f4xx_gpio.o(.text)
    GPIO_ToggleBits                          0x08001ab7   Thumb Code     8  stm32f4xx_gpio.o(.text)
    GPIO_PinAFConfig                         0x08001abf   Thumb Code    70  stm32f4xx_gpio.o(.text)
    EXTI_DeInit                              0x08001b31   Thumb Code    28  stm32f4xx_exti.o(.text)
    EXTI_Init                                0x08001b4d   Thumb Code   142  stm32f4xx_exti.o(.text)
    EXTI_StructInit                          0x08001bdb   Thumb Code    16  stm32f4xx_exti.o(.text)
    EXTI_GenerateSWInterrupt                 0x08001beb   Thumb Code    16  stm32f4xx_exti.o(.text)
    EXTI_GetFlagStatus                       0x08001bfb   Thumb Code    22  stm32f4xx_exti.o(.text)
    EXTI_ClearFlag                           0x08001c11   Thumb Code     8  stm32f4xx_exti.o(.text)
    EXTI_GetITStatus                         0x08001c19   Thumb Code    22  stm32f4xx_exti.o(.text)
    EXTI_ClearITPendingBit                   0x08001c2f   Thumb Code     8  stm32f4xx_exti.o(.text)
    RCC_DeInit                               0x08001c41   Thumb Code    82  stm32f4xx_rcc.o(.text)
    RCC_HSEConfig                            0x08001c93   Thumb Code    14  stm32f4xx_rcc.o(.text)
    RCC_GetFlagStatus                        0x08001ca1   Thumb Code    60  stm32f4xx_rcc.o(.text)
    RCC_WaitForHSEStartUp                    0x08001cdd   Thumb Code    56  stm32f4xx_rcc.o(.text)
    RCC_AdjustHSICalibrationValue            0x08001d15   Thumb Code    20  stm32f4xx_rcc.o(.text)
    RCC_HSICmd                               0x08001d29   Thumb Code     6  stm32f4xx_rcc.o(.text)
    RCC_LSEConfig                            0x08001d2f   Thumb Code    46  stm32f4xx_rcc.o(.text)
    RCC_LSICmd                               0x08001d5d   Thumb Code     6  stm32f4xx_rcc.o(.text)
    RCC_PLLConfig                            0x08001d63   Thumb Code    32  stm32f4xx_rcc.o(.text)
    RCC_PLLCmd                               0x08001d83   Thumb Code     6  stm32f4xx_rcc.o(.text)
    RCC_PLLI2SConfig                         0x08001d89   Thumb Code    14  stm32f4xx_rcc.o(.text)
    RCC_PLLI2SCmd                            0x08001d97   Thumb Code     6  stm32f4xx_rcc.o(.text)
    RCC_PLLSAIConfig                         0x08001d9d   Thumb Code    20  stm32f4xx_rcc.o(.text)
    RCC_PLLSAICmd                            0x08001db1   Thumb Code     6  stm32f4xx_rcc.o(.text)
    RCC_ClockSecuritySystemCmd               0x08001db7   Thumb Code     6  stm32f4xx_rcc.o(.text)
    RCC_MCO1Config                           0x08001dbd   Thumb Code    28  stm32f4xx_rcc.o(.text)
    RCC_MCO2Config                           0x08001dd9   Thumb Code    28  stm32f4xx_rcc.o(.text)
    RCC_SYSCLKConfig                         0x08001df5   Thumb Code    20  stm32f4xx_rcc.o(.text)
    RCC_GetSYSCLKSource                      0x08001e09   Thumb Code    12  stm32f4xx_rcc.o(.text)
    RCC_HCLKConfig                           0x08001e15   Thumb Code    20  stm32f4xx_rcc.o(.text)
    RCC_PCLK1Config                          0x08001e29   Thumb Code    20  stm32f4xx_rcc.o(.text)
    RCC_PCLK2Config                          0x08001e3d   Thumb Code    22  stm32f4xx_rcc.o(.text)
    RCC_GetClocksFreq                        0x08001e53   Thumb Code   222  stm32f4xx_rcc.o(.text)
    RCC_RTCCLKConfig                         0x08001f31   Thumb Code    54  stm32f4xx_rcc.o(.text)
    RCC_RTCCLKCmd                            0x08001f67   Thumb Code     8  stm32f4xx_rcc.o(.text)
    RCC_BackupResetCmd                       0x08001f6f   Thumb Code     8  stm32f4xx_rcc.o(.text)
    RCC_I2SCLKConfig                         0x08001f77   Thumb Code     6  stm32f4xx_rcc.o(.text)
    RCC_SAIPLLI2SClkDivConfig                0x08001f7d   Thumb Code    26  stm32f4xx_rcc.o(.text)
    RCC_SAIPLLSAIClkDivConfig                0x08001f97   Thumb Code    28  stm32f4xx_rcc.o(.text)
    RCC_SAIBlockACLKConfig                   0x08001fb3   Thumb Code    20  stm32f4xx_rcc.o(.text)
    RCC_SAIBlockBCLKConfig                   0x08001fc7   Thumb Code    20  stm32f4xx_rcc.o(.text)
    RCC_LTDCCLKDivConfig                     0x08001fdb   Thumb Code    20  stm32f4xx_rcc.o(.text)
    RCC_TIMCLKPresConfig                     0x08001fef   Thumb Code     6  stm32f4xx_rcc.o(.text)
    RCC_AHB1PeriphClockCmd                   0x08001ff5   Thumb Code    34  stm32f4xx_rcc.o(.text)
    RCC_AHB2PeriphClockCmd                   0x08002017   Thumb Code    78  stm32f4xx_rcc.o(.text)
    RCC_AHB3PeriphClockCmd                   0x08002065   Thumb Code    34  stm32f4xx_rcc.o(.text)
    RCC_APB1PeriphClockCmd                   0x08002087   Thumb Code    34  stm32f4xx_rcc.o(.text)
    RCC_APB2PeriphClockCmd                   0x080020a9   Thumb Code    34  stm32f4xx_rcc.o(.text)
    RCC_AHB1PeriphResetCmd                   0x080020cb   Thumb Code    34  stm32f4xx_rcc.o(.text)
    RCC_AHB2PeriphResetCmd                   0x080020ed   Thumb Code    34  stm32f4xx_rcc.o(.text)
    RCC_AHB3PeriphResetCmd                   0x0800210f   Thumb Code    34  stm32f4xx_rcc.o(.text)
    RCC_APB1PeriphResetCmd                   0x08002131   Thumb Code    34  stm32f4xx_rcc.o(.text)
    RCC_APB2PeriphResetCmd                   0x08002153   Thumb Code    34  stm32f4xx_rcc.o(.text)
    RCC_AHB1PeriphClockLPModeCmd             0x08002175   Thumb Code    34  stm32f4xx_rcc.o(.text)
    RCC_AHB2PeriphClockLPModeCmd             0x08002197   Thumb Code    34  stm32f4xx_rcc.o(.text)
    RCC_AHB3PeriphClockLPModeCmd             0x080021b9   Thumb Code    34  stm32f4xx_rcc.o(.text)
    RCC_APB1PeriphClockLPModeCmd             0x080021db   Thumb Code    34  stm32f4xx_rcc.o(.text)
    RCC_APB2PeriphClockLPModeCmd             0x080021fd   Thumb Code    34  stm32f4xx_rcc.o(.text)
    RCC_LSEModeConfig                        0x0800221f   Thumb Code    40  stm32f4xx_rcc.o(.text)
    RCC_ITConfig                             0x08002247   Thumb Code    34  stm32f4xx_rcc.o(.text)
    RCC_ClearFlag                            0x08002269   Thumb Code    18  stm32f4xx_rcc.o(.text)
    RCC_GetITStatus                          0x0800227b   Thumb Code    22  stm32f4xx_rcc.o(.text)
    RCC_ClearITPendingBit                    0x08002291   Thumb Code     8  stm32f4xx_rcc.o(.text)
    SYSCFG_DeInit                            0x0800229d   Thumb Code    22  stm32f4xx_syscfg.o(.text)
    SYSCFG_MemoryRemapConfig                 0x080022b3   Thumb Code     6  stm32f4xx_syscfg.o(.text)
    SYSCFG_MemorySwappingBank                0x080022b9   Thumb Code     6  stm32f4xx_syscfg.o(.text)
    SYSCFG_EXTILineConfig                    0x080022bf   Thumb Code    66  stm32f4xx_syscfg.o(.text)
    SYSCFG_ETH_MediaInterfaceConfig          0x08002301   Thumb Code     8  stm32f4xx_syscfg.o(.text)
    SYSCFG_CompensationCellCmd               0x08002309   Thumb Code     6  stm32f4xx_syscfg.o(.text)
    SYSCFG_GetCompensationCellStatus         0x0800230f   Thumb Code    22  stm32f4xx_syscfg.o(.text)
    USART_DeInit                             0x08002331   Thumb Code   206  stm32f4xx_usart.o(.text)
    USART_Init                               0x080023ff   Thumb Code   204  stm32f4xx_usart.o(.text)
    USART_StructInit                         0x080024cb   Thumb Code    24  stm32f4xx_usart.o(.text)
    USART_ClockInit                          0x080024e3   Thumb Code    32  stm32f4xx_usart.o(.text)
    USART_ClockStructInit                    0x08002503   Thumb Code    12  stm32f4xx_usart.o(.text)
    USART_Cmd                                0x0800250f   Thumb Code    24  stm32f4xx_usart.o(.text)
    USART_SetPrescaler                       0x08002527   Thumb Code    16  stm32f4xx_usart.o(.text)
    USART_OverSampling8Cmd                   0x08002537   Thumb Code    22  stm32f4xx_usart.o(.text)
    USART_OneBitMethodCmd                    0x0800254d   Thumb Code    24  stm32f4xx_usart.o(.text)
    USART_SendData                           0x08002565   Thumb Code     8  stm32f4xx_usart.o(.text)
    USART_ReceiveData                        0x0800256d   Thumb Code    10  stm32f4xx_usart.o(.text)
    USART_SetAddress                         0x08002577   Thumb Code    18  stm32f4xx_usart.o(.text)
    USART_ReceiverWakeUpCmd                  0x08002589   Thumb Code    24  stm32f4xx_usart.o(.text)
    USART_WakeUpConfig                       0x080025a1   Thumb Code    18  stm32f4xx_usart.o(.text)
    USART_LINBreakDetectLengthConfig         0x080025b3   Thumb Code    18  stm32f4xx_usart.o(.text)
    USART_LINCmd                             0x080025c5   Thumb Code    24  stm32f4xx_usart.o(.text)
    USART_SendBreak                          0x080025dd   Thumb Code    10  stm32f4xx_usart.o(.text)
    USART_HalfDuplexCmd                      0x080025e7   Thumb Code    24  stm32f4xx_usart.o(.text)
    USART_SetGuardTime                       0x080025ff   Thumb Code    16  stm32f4xx_usart.o(.text)
    USART_SmartCardCmd                       0x0800260f   Thumb Code    24  stm32f4xx_usart.o(.text)
    USART_SmartCardNACKCmd                   0x08002627   Thumb Code    24  stm32f4xx_usart.o(.text)
    USART_IrDAConfig                         0x0800263f   Thumb Code    18  stm32f4xx_usart.o(.text)
    USART_IrDACmd                            0x08002651   Thumb Code    24  stm32f4xx_usart.o(.text)
    USART_DMACmd                             0x08002669   Thumb Code    18  stm32f4xx_usart.o(.text)
    USART_ITConfig                           0x0800267b   Thumb Code    74  stm32f4xx_usart.o(.text)
    USART_GetFlagStatus                      0x080026c5   Thumb Code    26  stm32f4xx_usart.o(.text)
    USART_ClearFlag                          0x080026df   Thumb Code    18  stm32f4xx_usart.o(.text)
    USART_GetITStatus                        0x080026f1   Thumb Code   118  stm32f4xx_usart.o(.text)
    USART_ClearITPendingBit                  0x08002767   Thumb Code    30  stm32f4xx_usart.o(.text)
    TIM_DeInit                               0x08002785   Thumb Code   346  stm32f4xx_tim.o(.text)
    TIM_TimeBaseInit                         0x080028df   Thumb Code   104  stm32f4xx_tim.o(.text)
    TIM_TimeBaseStructInit                   0x08002947   Thumb Code    18  stm32f4xx_tim.o(.text)
    TIM_PrescalerConfig                      0x08002959   Thumb Code     6  stm32f4xx_tim.o(.text)
    TIM_CounterModeConfig                    0x0800295f   Thumb Code    18  stm32f4xx_tim.o(.text)
    TIM_SetCounter                           0x08002971   Thumb Code     4  stm32f4xx_tim.o(.text)
    TIM_SetAutoreload                        0x08002975   Thumb Code     4  stm32f4xx_tim.o(.text)
    TIM_GetCounter                           0x08002979   Thumb Code     6  stm32f4xx_tim.o(.text)
    TIM_GetPrescaler                         0x0800297f   Thumb Code     6  stm32f4xx_tim.o(.text)
    TIM_UpdateDisableConfig                  0x08002985   Thumb Code    24  stm32f4xx_tim.o(.text)
    TIM_UpdateRequestConfig                  0x0800299d   Thumb Code    24  stm32f4xx_tim.o(.text)
    TIM_ARRPreloadConfig                     0x080029b5   Thumb Code    24  stm32f4xx_tim.o(.text)
    TIM_SelectOnePulseMode                   0x080029cd   Thumb Code    18  stm32f4xx_tim.o(.text)
    TIM_SetClockDivision                     0x080029df   Thumb Code    18  stm32f4xx_tim.o(.text)
    TIM_Cmd                                  0x080029f1   Thumb Code    24  stm32f4xx_tim.o(.text)
    TIM_OC1Init                              0x08002a09   Thumb Code   114  stm32f4xx_tim.o(.text)
    TIM_OC2Init                              0x08002a7b   Thumb Code   154  stm32f4xx_tim.o(.text)
    TIM_OC3Init                              0x08002b15   Thumb Code   204  stm32f4xx_tim.o(.text)
    TIM_OC4Init                              0x08002be1   Thumb Code   112  stm32f4xx_tim.o(.text)
    TIM_OCStructInit                         0x08002c51   Thumb Code    20  stm32f4xx_tim.o(.text)
    TIM_SelectOCxM                           0x08002c65   Thumb Code    86  stm32f4xx_tim.o(.text)
    TIM_SetCompare1                          0x08002cbb   Thumb Code     4  stm32f4xx_tim.o(.text)
    TIM_SetCompare2                          0x08002cbf   Thumb Code     4  stm32f4xx_tim.o(.text)
    TIM_SetCompare3                          0x08002cc3   Thumb Code     4  stm32f4xx_tim.o(.text)
    TIM_SetCompare4                          0x08002cc7   Thumb Code     4  stm32f4xx_tim.o(.text)
    TIM_ForcedOC1Config                      0x08002ccb   Thumb Code    18  stm32f4xx_tim.o(.text)
    TIM_ForcedOC2Config                      0x08002cdd   Thumb Code    26  stm32f4xx_tim.o(.text)
    TIM_ForcedOC3Config                      0x08002cf7   Thumb Code    18  stm32f4xx_tim.o(.text)
    TIM_ForcedOC4Config                      0x08002d09   Thumb Code    26  stm32f4xx_tim.o(.text)
    TIM_OC1PreloadConfig                     0x08002d23   Thumb Code    18  stm32f4xx_tim.o(.text)
    TIM_OC2PreloadConfig                     0x08002d35   Thumb Code    26  stm32f4xx_tim.o(.text)
    TIM_OC3PreloadConfig                     0x08002d4f   Thumb Code    18  stm32f4xx_tim.o(.text)
    TIM_OC4PreloadConfig                     0x08002d61   Thumb Code    26  stm32f4xx_tim.o(.text)
    TIM_OC1FastConfig                        0x08002d7b   Thumb Code    18  stm32f4xx_tim.o(.text)
    TIM_OC2FastConfig                        0x08002d8d   Thumb Code    26  stm32f4xx_tim.o(.text)
    TIM_OC3FastConfig                        0x08002da7   Thumb Code    18  stm32f4xx_tim.o(.text)
    TIM_OC4FastConfig                        0x08002db9   Thumb Code    26  stm32f4xx_tim.o(.text)
    TIM_ClearOC1Ref                          0x08002dd3   Thumb Code    18  stm32f4xx_tim.o(.text)
    TIM_ClearOC2Ref                          0x08002de5   Thumb Code    24  stm32f4xx_tim.o(.text)
    TIM_ClearOC3Ref                          0x08002dfd   Thumb Code    18  stm32f4xx_tim.o(.text)
    TIM_ClearOC4Ref                          0x08002e0f   Thumb Code    24  stm32f4xx_tim.o(.text)
    TIM_OC1PolarityConfig                    0x08002e27   Thumb Code    18  stm32f4xx_tim.o(.text)
    TIM_OC1NPolarityConfig                   0x08002e39   Thumb Code    18  stm32f4xx_tim.o(.text)
    TIM_OC2PolarityConfig                    0x08002e4b   Thumb Code    26  stm32f4xx_tim.o(.text)
    TIM_OC2NPolarityConfig                   0x08002e65   Thumb Code    26  stm32f4xx_tim.o(.text)
    TIM_OC3PolarityConfig                    0x08002e7f   Thumb Code    26  stm32f4xx_tim.o(.text)
    TIM_OC3NPolarityConfig                   0x08002e99   Thumb Code    26  stm32f4xx_tim.o(.text)
    TIM_OC4PolarityConfig                    0x08002eb3   Thumb Code    26  stm32f4xx_tim.o(.text)
    TIM_CCxCmd                               0x08002ecd   Thumb Code    30  stm32f4xx_tim.o(.text)
    TIM_CCxNCmd                              0x08002eeb   Thumb Code    30  stm32f4xx_tim.o(.text)
    TIM_SetIC4Prescaler                      0x08002f09   Thumb Code    26  stm32f4xx_tim.o(.text)
    TIM_SetIC3Prescaler                      0x08002f73   Thumb Code    18  stm32f4xx_tim.o(.text)
    TIM_SetIC2Prescaler                      0x08002fcd   Thumb Code    26  stm32f4xx_tim.o(.text)
    TIM_SetIC1Prescaler                      0x08003041   Thumb Code    18  stm32f4xx_tim.o(.text)
    TIM_ICInit                               0x0800308d   Thumb Code   110  stm32f4xx_tim.o(.text)
    TIM_ICStructInit                         0x080030fb   Thumb Code    18  stm32f4xx_tim.o(.text)
    TIM_PWMIConfig                           0x0800310d   Thumb Code   124  stm32f4xx_tim.o(.text)
    TIM_GetCapture1                          0x08003189   Thumb Code     6  stm32f4xx_tim.o(.text)
    TIM_GetCapture2                          0x0800318f   Thumb Code     6  stm32f4xx_tim.o(.text)
    TIM_GetCapture3                          0x08003195   Thumb Code     6  stm32f4xx_tim.o(.text)
    TIM_GetCapture4                          0x0800319b   Thumb Code     6  stm32f4xx_tim.o(.text)
    TIM_BDTRConfig                           0x080031a1   Thumb Code    32  stm32f4xx_tim.o(.text)
    TIM_BDTRStructInit                       0x080031c1   Thumb Code    18  stm32f4xx_tim.o(.text)
    TIM_CtrlPWMOutputs                       0x080031d3   Thumb Code    30  stm32f4xx_tim.o(.text)
    TIM_SelectCOM                            0x080031f1   Thumb Code    24  stm32f4xx_tim.o(.text)
    TIM_CCPreloadControl                     0x08003209   Thumb Code    24  stm32f4xx_tim.o(.text)
    TIM_ITConfig                             0x08003221   Thumb Code    18  stm32f4xx_tim.o(.text)
    TIM_GenerateEvent                        0x08003233   Thumb Code     4  stm32f4xx_tim.o(.text)
    TIM_GetFlagStatus                        0x08003237   Thumb Code    18  stm32f4xx_tim.o(.text)
    TIM_ClearFlag                            0x08003249   Thumb Code     6  stm32f4xx_tim.o(.text)
    TIM_GetITStatus                          0x0800324f   Thumb Code    34  stm32f4xx_tim.o(.text)
    TIM_ClearITPendingBit                    0x08003271   Thumb Code     6  stm32f4xx_tim.o(.text)
    TIM_DMAConfig                            0x08003277   Thumb Code    10  stm32f4xx_tim.o(.text)
    TIM_DMACmd                               0x08003281   Thumb Code    18  stm32f4xx_tim.o(.text)
    TIM_SelectCCDMA                          0x08003293   Thumb Code    24  stm32f4xx_tim.o(.text)
    TIM_InternalClockConfig                  0x080032ab   Thumb Code    12  stm32f4xx_tim.o(.text)
    TIM_SelectInputTrigger                   0x080032b7   Thumb Code    18  stm32f4xx_tim.o(.text)
    TIM_ITRxExternalClockConfig              0x080032c9   Thumb Code    24  stm32f4xx_tim.o(.text)
    TIM_TIxExternalClockConfig               0x080032e1   Thumb Code    62  stm32f4xx_tim.o(.text)
    TIM_ETRConfig                            0x0800331f   Thumb Code    28  stm32f4xx_tim.o(.text)
    TIM_ETRClockMode1Config                  0x0800333b   Thumb Code    54  stm32f4xx_tim.o(.text)
    TIM_ETRClockMode2Config                  0x08003371   Thumb Code    32  stm32f4xx_tim.o(.text)
    TIM_SelectOutputTrigger                  0x08003391   Thumb Code    18  stm32f4xx_tim.o(.text)
    TIM_SelectSlaveMode                      0x080033a3   Thumb Code    18  stm32f4xx_tim.o(.text)
    TIM_SelectMasterSlaveMode                0x080033b5   Thumb Code    18  stm32f4xx_tim.o(.text)
    TIM_EncoderInterfaceConfig               0x080033c7   Thumb Code    66  stm32f4xx_tim.o(.text)
    TIM_SelectHallSensor                     0x08003409   Thumb Code    24  stm32f4xx_tim.o(.text)
    TIM_RemapConfig                          0x08003421   Thumb Code     6  stm32f4xx_tim.o(.text)
    __use_no_semihosting                     0x08003427   Thumb Code     2  use_no_semi_2.o(.text)
    __c89vsnprintf                           0x08003429   Thumb Code    48  c89vsnprintf.o(.text)
    __2printf                                0x0800345d   Thumb Code    20  __2printf.o(.text)
    __2sprintf                               0x08003475   Thumb Code    38  __2sprintf.o(.text)
    _printf_str                              0x080034a1   Thumb Code    82  _printf_str.o(.text)
    __printf                                 0x080034f5   Thumb Code   388  __printf_flags_ss_wp.o(.text)
    strlen                                   0x0800367d   Thumb Code    62  strlen.o(.text)
    __use_two_region_memory                  0x080036bb   Thumb Code     2  heapauxi.o(.text)
    __rt_heap_escrow$2region                 0x080036bd   Thumb Code     2  heapauxi.o(.text)
    __rt_heap_expand$2region                 0x080036bf   Thumb Code     2  heapauxi.o(.text)
    __I$use$semihosting                      0x080036c1   Thumb Code     0  use_no_semi.o(.text)
    __use_no_semihosting_swi                 0x080036c1   Thumb Code     2  use_no_semi.o(.text)
    __read_errno                             0x080036c3   Thumb Code    10  _rserrno.o(.text)
    __set_errno                              0x080036cd   Thumb Code    12  _rserrno.o(.text)
    _printf_pre_padding                      0x080036d9   Thumb Code    44  _printf_pad.o(.text)
    _printf_post_padding                     0x08003705   Thumb Code    34  _printf_pad.o(.text)
    _printf_truncate_signed                  0x08003727   Thumb Code    18  _printf_truncate.o(.text)
    _printf_truncate_unsigned                0x08003739   Thumb Code    18  _printf_truncate.o(.text)
    _printf_int_dec                          0x0800374d   Thumb Code   104  _printf_dec.o(.text)
    _printf_charcount                        0x080037c5   Thumb Code    40  _printf_charcount.o(.text)
    __lib_sel_fp_printf                      0x080037ed   Thumb Code     2  _printf_fp_dec.o(.text)
    _printf_fp_dec_real                      0x0800399f   Thumb Code   620  _printf_fp_dec.o(.text)
    _printf_char_common                      0x08003c17   Thumb Code    32  _printf_char_common.o(.text)
    _sputc                                   0x08003c3d   Thumb Code    10  _sputc.o(.text)
    _snputc                                  0x08003c47   Thumb Code    16  _snputc.o(.text)
    _printf_cs_common                        0x08003c57   Thumb Code    20  _printf_char.o(.text)
    _printf_char                             0x08003c6b   Thumb Code    16  _printf_char.o(.text)
    _printf_string                           0x08003c7b   Thumb Code     8  _printf_char.o(.text)
    _printf_char_file                        0x08003c85   Thumb Code    32  _printf_char_file.o(.text)
    _printf_wctomb                           0x08003ca9   Thumb Code   182  _printf_wctomb.o(.text)
    _printf_longlong_dec                     0x08003d65   Thumb Code   108  _printf_longlong_dec.o(.text)
    _printf_longlong_oct                     0x08003de1   Thumb Code    66  _printf_oct_int_ll.o(.text)
    _printf_int_oct                          0x08003e23   Thumb Code    24  _printf_oct_int_ll.o(.text)
    _printf_ll_oct                           0x08003e3b   Thumb Code    12  _printf_oct_int_ll.o(.text)
    _printf_longlong_hex                     0x08003e51   Thumb Code    86  _printf_hex_int_ll_ptr.o(.text)
    _printf_int_hex                          0x08003ea7   Thumb Code    28  _printf_hex_int_ll_ptr.o(.text)
    _printf_ll_hex                           0x08003ec3   Thumb Code    12  _printf_hex_int_ll_ptr.o(.text)
    _printf_hex_ptr                          0x08003ecf   Thumb Code    18  _printf_hex_int_ll_ptr.o(.text)
    __rt_locale                              0x08003ee5   Thumb Code     8  rt_locale_intlibspace.o(.text)
    __aeabi_errno_addr                       0x08003eed   Thumb Code     8  rt_errno_addr_intlibspace.o(.text)
    __errno$intlibspace                      0x08003eed   Thumb Code     0  rt_errno_addr_intlibspace.o(.text)
    __rt_errno_addr$intlibspace              0x08003eed   Thumb Code     0  rt_errno_addr_intlibspace.o(.text)
    _ll_udiv10                               0x08003ef5   Thumb Code   138  lludiv10.o(.text)
    _printf_int_common                       0x08003f7f   Thumb Code   178  _printf_intcommon.o(.text)
    _printf_fp_infnan                        0x08004031   Thumb Code   112  _printf_fp_infnan.o(.text)
    _printf_lcs_common                       0x080040b1   Thumb Code    20  _printf_wchar.o(.text)
    _printf_wchar                            0x080040c5   Thumb Code    16  _printf_wchar.o(.text)
    _printf_wstring                          0x080040d5   Thumb Code     8  _printf_wchar.o(.text)
    _btod_etento                             0x080040dd   Thumb Code   224  bigflt0.o(.text)
    ferror                                   0x080041c1   Thumb Code     8  ferror.o(.text)
    _wcrtomb                                 0x080041c9   Thumb Code    64  _wcrtomb.o(.text)
    __user_libspace                          0x08004209   Thumb Code     8  libspace.o(.text)
    __user_perproc_libspace                  0x08004209   Thumb Code     0  libspace.o(.text)
    __user_perthread_libspace                0x08004209   Thumb Code     0  libspace.o(.text)
    __user_setup_stackheap                   0x08004211   Thumb Code    74  sys_stackheap_outer.o(.text)
    __rt_ctype_table                         0x0800425d   Thumb Code    16  rt_ctype_table.o(.text)
    exit                                     0x0800426d   Thumb Code    18  exit.o(.text)
    strcmp                                   0x08004281   Thumb Code   128  strcmpv7m.o(.text)
    _btod_d2e                                0x08004301   Thumb Code    62  btod.o(CL$$btod_d2e)
    _d2e_denorm_low                          0x0800433f   Thumb Code    70  btod.o(CL$$btod_d2e_denorm_low)
    _d2e_norm_op1                            0x08004385   Thumb Code    96  btod.o(CL$$btod_d2e_norm_op1)
    __btod_div_common                        0x080043e5   Thumb Code   696  btod.o(CL$$btod_div_common)
    _e2e                                     0x0800471d   Thumb Code   220  btod.o(CL$$btod_e2e)
    _btod_ediv                               0x080047f9   Thumb Code    42  btod.o(CL$$btod_ediv)
    _btod_emul                               0x08004823   Thumb Code    42  btod.o(CL$$btod_emul)
    __btod_mult_common                       0x0800484d   Thumb Code   580  btod.o(CL$$btod_mult_common)
    __ARM_fpclassify                         0x08004a91   Thumb Code    48  fpclassify.o(i.__ARM_fpclassify)
    __hardfp_acos                            0x08004ac1   Thumb Code   738  acos.o(i.__hardfp_acos)
    __hardfp_atan                            0x08004e19   Thumb Code   622  atan.o(i.__hardfp_atan)
    __hardfp_cos                             0x080050f1   Thumb Code   180  cos.o(i.__hardfp_cos)
    __hardfp_fabs                            0x080051b9   Thumb Code    20  fabs.o(i.__hardfp_fabs)
    __hardfp_sqrt                            0x080051cd   Thumb Code   122  sqrt.o(i.__hardfp_sqrt)
    __ieee754_rem_pio2                       0x08005249   Thumb Code   938  rred.o(i.__ieee754_rem_pio2)
    __kernel_cos                             0x08005681   Thumb Code   322  cos_i.o(i.__kernel_cos)
    __kernel_poly                            0x080057f1   Thumb Code   248  poly.o(i.__kernel_poly)
    __kernel_sin                             0x080058e9   Thumb Code   280  sin_i.o(i.__kernel_sin)
    __mathlib_dbl_infnan                     0x08005a19   Thumb Code    20  dunder.o(i.__mathlib_dbl_infnan)
    __mathlib_dbl_invalid                    0x08005a31   Thumb Code    24  dunder.o(i.__mathlib_dbl_invalid)
    __mathlib_dbl_underflow                  0x08005a51   Thumb Code    24  dunder.o(i.__mathlib_dbl_underflow)
    _is_digit                                0x08005a71   Thumb Code    14  __printf_wp.o(i._is_digit)
    fabs                                     0x08005a7f   Thumb Code    24  fabs.o(i.fabs)
    sqrt                                     0x08005a97   Thumb Code   110  sqrt.o(i.sqrt)
    _get_lc_numeric                          0x08005b05   Thumb Code    44  lc_numeric_c.o(locale$$code)
    _get_lc_ctype                            0x08005b31   Thumb Code    44  lc_ctype_c.o(locale$$code)
    __aeabi_dneg                             0x08005b5d   Thumb Code     0  basic.o(x$fpl$basic)
    _dneg                                    0x08005b5d   Thumb Code     6  basic.o(x$fpl$basic)
    __aeabi_fneg                             0x08005b63   Thumb Code     0  basic.o(x$fpl$basic)
    _fneg                                    0x08005b63   Thumb Code     6  basic.o(x$fpl$basic)
    _dabs                                    0x08005b69   Thumb Code     6  basic.o(x$fpl$basic)
    _fabs                                    0x08005b6f   Thumb Code     6  basic.o(x$fpl$basic)
    __aeabi_dadd                             0x08005b75   Thumb Code     0  daddsub_clz.o(x$fpl$dadd)
    _dadd                                    0x08005b75   Thumb Code   332  daddsub_clz.o(x$fpl$dadd)
    __fpl_dcmp_Inf                           0x08005cc5   Thumb Code    24  dcmpi.o(x$fpl$dcmpinf)
    __aeabi_ddiv                             0x08005cdd   Thumb Code     0  ddiv.o(x$fpl$ddiv)
    _ddiv                                    0x08005cdd   Thumb Code   552  ddiv.o(x$fpl$ddiv)
    __aeabi_d2iz                             0x08005f8d   Thumb Code     0  dfix.o(x$fpl$dfix)
    _dfix                                    0x08005f8d   Thumb Code    94  dfix.o(x$fpl$dfix)
    __aeabi_i2d                              0x08005feb   Thumb Code     0  dflt_clz.o(x$fpl$dflt)
    _dflt                                    0x08005feb   Thumb Code    46  dflt_clz.o(x$fpl$dflt)
    __aeabi_ui2d                             0x08006019   Thumb Code     0  dflt_clz.o(x$fpl$dfltu)
    _dfltu                                   0x08006019   Thumb Code    38  dflt_clz.o(x$fpl$dfltu)
    __aeabi_cdcmple                          0x08006041   Thumb Code     0  dleqf.o(x$fpl$dleqf)
    _dcmple                                  0x08006041   Thumb Code   120  dleqf.o(x$fpl$dleqf)
    __fpl_dcmple_InfNaN                      0x080060a3   Thumb Code     0  dleqf.o(x$fpl$dleqf)
    __aeabi_dmul                             0x080060b9   Thumb Code     0  dmul.o(x$fpl$dmul)
    _dmul                                    0x080060b9   Thumb Code   332  dmul.o(x$fpl$dmul)
    __fpl_dnaninf                            0x0800620d   Thumb Code   156  dnaninf.o(x$fpl$dnaninf)
    __fpl_dretinf                            0x080062a9   Thumb Code    12  dretinf.o(x$fpl$dretinf)
    __aeabi_cdrcmple                         0x080062b5   Thumb Code     0  drleqf.o(x$fpl$drleqf)
    _drcmple                                 0x080062b5   Thumb Code   108  drleqf.o(x$fpl$drleqf)
    __aeabi_drsub                            0x08006321   Thumb Code     0  daddsub_clz.o(x$fpl$drsb)
    _drsb                                    0x08006321   Thumb Code    22  daddsub_clz.o(x$fpl$drsb)
    _dsqrt                                   0x08006339   Thumb Code   404  dsqrt_umaal.o(x$fpl$dsqrt)
    __aeabi_dsub                             0x080064d1   Thumb Code     0  daddsub_clz.o(x$fpl$dsub)
    _dsub                                    0x080064d1   Thumb Code   464  daddsub_clz.o(x$fpl$dsub)
    _fp_init                                 0x080066a5   Thumb Code    10  fpinit.o(x$fpl$fpinit)
    __fplib_config_fpu_vfp                   0x080066ad   Thumb Code     0  fpinit.o(x$fpl$fpinit)
    __fplib_config_pureend_doubles           0x080066ad   Thumb Code     0  fpinit.o(x$fpl$fpinit)
    _printf_fp_dec                           0x080066af   Thumb Code     4  printf1.o(x$fpl$printf1)
    __I$use$fp                               0x080066b2   Number         0  usenofp.o(x$fpl$usenofp)
    Region$$Table$$Base                      0x08006994   Number         0  anon$$obj.o(Region$$Table)
    Region$$Table$$Limit                     0x080069b4   Number         0  anon$$obj.o(Region$$Table)
    __ctype                                  0x080069dd   Data           0  lc_ctype_c.o(locale$$data)
    SystemCoreClock                          0x20000000   Data           4  system_stm32f4xx.o(.data)
    AHBPrescTable                            0x20000004   Data          16  system_stm32f4xx.o(.data)
    MIT1_S                                   0x20000014   Data           8  exti.o(.data)
    MIT2_S                                   0x2000001c   Data           8  exti.o(.data)
    MIT3_S                                   0x20000024   Data           8  exti.o(.data)
    MIT4_S                                   0x2000002c   Data           8  exti.o(.data)
    T_count                                  0x20000034   Data           4  timer.o(.data)
    __stdout                                 0x2000003c   Data           4  usart.o(.data)
    USART_RX_STA                             0x20000040   Data           2  usart.o(.data)
    USART2_RX_STA                            0x20000042   Data           2  usart.o(.data)
    buf                                      0x20000054   Data          50  timer.o(.bss)
    TDOA_S                                   0x20000088   Data          72  tdoa.o(.bss)
    USART_RX_BUF                             0x200000d0   Data         200  usart.o(.bss)
    USART2_RX_BUF                            0x20000198   Data         200  usart.o(.bss)
    __libspace_start                         0x20000260   Data          96  libspace.o(.bss)
    __temporary_stack_top$libspace           0x200002c0   Data           0  libspace.o(.bss)



==============================================================================

Memory Map of the image

  Image Entry point : 0x08000189

  Load Region LR_IROM1 (Base: 0x08000000, Size: 0x00006b34, Max: 0x00080000, ABSOLUTE)

    Execution Region ER_IROM1 (Exec base: 0x08000000, Load base: 0x08000000, Size: 0x00006ae0, Max: 0x00080000, ABSOLUTE)

    Exec Addr    Load Addr    Size         Type   Attr      Idx    E Section Name        Object

    0x08000000   0x08000000   0x00000188   Data   RO          440    RESET               startup_stm32f40_41xxx.o
    0x08000188   0x08000188   0x00000008   Code   RO          632  * !!!main             c_w.l(__main.o)
    0x08000190   0x08000190   0x00000034   Code   RO         1056    !!!scatter          c_w.l(__scatter.o)
    0x080001c4   0x080001c4   0x0000001a   Code   RO         1058    !!handler_copy      c_w.l(__scatter_copy.o)
    0x080001de   0x080001de   0x00000002   PAD
    0x080001e0   0x080001e0   0x0000001c   Code   RO         1060    !!handler_zi        c_w.l(__scatter_zi.o)
    0x080001fc   0x080001fc   0x00000000   Code   RO          627    .ARM.Collect$$_printf_percent$$00000000  c_w.l(_printf_percent.o)
    0x080001fc   0x080001fc   0x00000006   Code   RO          774    .ARM.Collect$$_printf_percent$$00000001  c_w.l(_printf_n.o)
    0x08000202   0x08000202   0x00000006   Code   RO          776    .ARM.Collect$$_printf_percent$$00000002  c_w.l(_printf_p.o)
    0x08000208   0x08000208   0x00000006   Code   RO          626    .ARM.Collect$$_printf_percent$$00000003  c_w.l(_printf_f.o)
    0x0800020e   0x0800020e   0x00000006   Code   RO          781    .ARM.Collect$$_printf_percent$$00000004  c_w.l(_printf_e.o)
    0x08000214   0x08000214   0x00000006   Code   RO          782    .ARM.Collect$$_printf_percent$$00000005  c_w.l(_printf_g.o)
    0x0800021a   0x0800021a   0x00000006   Code   RO          783    .ARM.Collect$$_printf_percent$$00000006  c_w.l(_printf_a.o)
    0x08000220   0x08000220   0x0000000a   Code   RO          788    .ARM.Collect$$_printf_percent$$00000007  c_w.l(_printf_ll.o)
    0x0800022a   0x0800022a   0x00000006   Code   RO          778    .ARM.Collect$$_printf_percent$$00000008  c_w.l(_printf_i.o)
    0x08000230   0x08000230   0x00000006   Code   RO          779    .ARM.Collect$$_printf_percent$$00000009  c_w.l(_printf_d.o)
    0x08000236   0x08000236   0x00000006   Code   RO          780    .ARM.Collect$$_printf_percent$$0000000A  c_w.l(_printf_u.o)
    0x0800023c   0x0800023c   0x00000006   Code   RO          777    .ARM.Collect$$_printf_percent$$0000000B  c_w.l(_printf_o.o)
    0x08000242   0x08000242   0x00000006   Code   RO          775    .ARM.Collect$$_printf_percent$$0000000C  c_w.l(_printf_x.o)
    0x08000248   0x08000248   0x00000006   Code   RO          785    .ARM.Collect$$_printf_percent$$0000000D  c_w.l(_printf_lli.o)
    0x0800024e   0x0800024e   0x00000006   Code   RO          786    .ARM.Collect$$_printf_percent$$0000000E  c_w.l(_printf_lld.o)
    0x08000254   0x08000254   0x00000006   Code   RO          787    .ARM.Collect$$_printf_percent$$0000000F  c_w.l(_printf_llu.o)
    0x0800025a   0x0800025a   0x00000006   Code   RO          792    .ARM.Collect$$_printf_percent$$00000010  c_w.l(_printf_llo.o)
    0x08000260   0x08000260   0x00000006   Code   RO          793    .ARM.Collect$$_printf_percent$$00000011  c_w.l(_printf_llx.o)
    0x08000266   0x08000266   0x0000000a   Code   RO          789    .ARM.Collect$$_printf_percent$$00000012  c_w.l(_printf_l.o)
    0x08000270   0x08000270   0x00000006   Code   RO          773    .ARM.Collect$$_printf_percent$$00000013  c_w.l(_printf_c.o)
    0x08000276   0x08000276   0x00000006   Code   RO          625    .ARM.Collect$$_printf_percent$$00000014  c_w.l(_printf_s.o)
    0x0800027c   0x0800027c   0x00000006   Code   RO          790    .ARM.Collect$$_printf_percent$$00000015  c_w.l(_printf_lc.o)
    0x08000282   0x08000282   0x00000006   Code   RO          791    .ARM.Collect$$_printf_percent$$00000016  c_w.l(_printf_ls.o)
    0x08000288   0x08000288   0x00000004   Code   RO          784    .ARM.Collect$$_printf_percent$$00000017  c_w.l(_printf_percent_end.o)
    0x0800028c   0x0800028c   0x00000002   Code   RO          928    .ARM.Collect$$libinit$$00000000  c_w.l(libinit.o)
    0x0800028e   0x0800028e   0x00000004   Code   RO          929    .ARM.Collect$$libinit$$00000001  c_w.l(libinit2.o)
    0x08000292   0x08000292   0x00000000   Code   RO          932    .ARM.Collect$$libinit$$00000004  c_w.l(libinit2.o)
    0x08000292   0x08000292   0x00000000   Code   RO          935    .ARM.Collect$$libinit$$0000000A  c_w.l(libinit2.o)
    0x08000292   0x08000292   0x00000000   Code   RO          937    .ARM.Collect$$libinit$$0000000C  c_w.l(libinit2.o)
    0x08000292   0x08000292   0x00000000   Code   RO          939    .ARM.Collect$$libinit$$0000000E  c_w.l(libinit2.o)
    0x08000292   0x08000292   0x00000006   Code   RO          940    .ARM.Collect$$libinit$$0000000F  c_w.l(libinit2.o)
    0x08000298   0x08000298   0x00000000   Code   RO          942    .ARM.Collect$$libinit$$00000011  c_w.l(libinit2.o)
    0x08000298   0x08000298   0x0000000c   Code   RO          943    .ARM.Collect$$libinit$$00000012  c_w.l(libinit2.o)
    0x080002a4   0x080002a4   0x00000000   Code   RO          944    .ARM.Collect$$libinit$$00000013  c_w.l(libinit2.o)
    0x080002a4   0x080002a4   0x00000000   Code   RO          946    .ARM.Collect$$libinit$$00000015  c_w.l(libinit2.o)
    0x080002a4   0x080002a4   0x0000000a   Code   RO          947    .ARM.Collect$$libinit$$00000016  c_w.l(libinit2.o)
    0x080002ae   0x080002ae   0x00000000   Code   RO          948    .ARM.Collect$$libinit$$00000017  c_w.l(libinit2.o)
    0x080002ae   0x080002ae   0x00000000   Code   RO          950    .ARM.Collect$$libinit$$00000019  c_w.l(libinit2.o)
    0x080002ae   0x080002ae   0x00000000   Code   RO          952    .ARM.Collect$$libinit$$0000001B  c_w.l(libinit2.o)
    0x080002ae   0x080002ae   0x00000000   Code   RO          954    .ARM.Collect$$libinit$$0000001D  c_w.l(libinit2.o)
    0x080002ae   0x080002ae   0x00000000   Code   RO          956    .ARM.Collect$$libinit$$0000001F  c_w.l(libinit2.o)
    0x080002ae   0x080002ae   0x00000000   Code   RO          958    .ARM.Collect$$libinit$$00000021  c_w.l(libinit2.o)
    0x080002ae   0x080002ae   0x00000000   Code   RO          960    .ARM.Collect$$libinit$$00000023  c_w.l(libinit2.o)
    0x080002ae   0x080002ae   0x00000000   Code   RO          962    .ARM.Collect$$libinit$$00000025  c_w.l(libinit2.o)
    0x080002ae   0x080002ae   0x00000000   Code   RO          966    .ARM.Collect$$libinit$$0000002C  c_w.l(libinit2.o)
    0x080002ae   0x080002ae   0x00000000   Code   RO          968    .ARM.Collect$$libinit$$0000002E  c_w.l(libinit2.o)
    0x080002ae   0x080002ae   0x00000000   Code   RO          970    .ARM.Collect$$libinit$$00000030  c_w.l(libinit2.o)
    0x080002ae   0x080002ae   0x00000000   Code   RO          972    .ARM.Collect$$libinit$$00000032  c_w.l(libinit2.o)
    0x080002ae   0x080002ae   0x00000002   Code   RO          973    .ARM.Collect$$libinit$$00000033  c_w.l(libinit2.o)
    0x080002b0   0x080002b0   0x00000002   Code   RO         1004    .ARM.Collect$$libshutdown$$00000000  c_w.l(libshutdown.o)
    0x080002b2   0x080002b2   0x00000000   Code   RO         1013    .ARM.Collect$$libshutdown$$00000002  c_w.l(libshutdown2.o)
    0x080002b2   0x080002b2   0x00000000   Code   RO         1015    .ARM.Collect$$libshutdown$$00000004  c_w.l(libshutdown2.o)
    0x080002b2   0x080002b2   0x00000000   Code   RO         1017    .ARM.Collect$$libshutdown$$00000006  c_w.l(libshutdown2.o)
    0x080002b2   0x080002b2   0x00000000   Code   RO         1020    .ARM.Collect$$libshutdown$$00000009  c_w.l(libshutdown2.o)
    0x080002b2   0x080002b2   0x00000000   Code   RO         1023    .ARM.Collect$$libshutdown$$0000000C  c_w.l(libshutdown2.o)
    0x080002b2   0x080002b2   0x00000000   Code   RO         1025    .ARM.Collect$$libshutdown$$0000000E  c_w.l(libshutdown2.o)
    0x080002b2   0x080002b2   0x00000000   Code   RO         1028    .ARM.Collect$$libshutdown$$00000011  c_w.l(libshutdown2.o)
    0x080002b2   0x080002b2   0x00000002   Code   RO         1029    .ARM.Collect$$libshutdown$$00000012  c_w.l(libshutdown2.o)
    0x080002b4   0x080002b4   0x00000000   Code   RO          718    .ARM.Collect$$rtentry$$00000000  c_w.l(__rtentry.o)
    0x080002b4   0x080002b4   0x00000000   Code   RO          838    .ARM.Collect$$rtentry$$00000002  c_w.l(__rtentry2.o)
    0x080002b4   0x080002b4   0x00000006   Code   RO          850    .ARM.Collect$$rtentry$$00000004  c_w.l(__rtentry4.o)
    0x080002ba   0x080002ba   0x00000000   Code   RO          840    .ARM.Collect$$rtentry$$00000009  c_w.l(__rtentry2.o)
    0x080002ba   0x080002ba   0x00000004   Code   RO          841    .ARM.Collect$$rtentry$$0000000A  c_w.l(__rtentry2.o)
    0x080002be   0x080002be   0x00000000   Code   RO          843    .ARM.Collect$$rtentry$$0000000C  c_w.l(__rtentry2.o)
    0x080002be   0x080002be   0x00000008   Code   RO          844    .ARM.Collect$$rtentry$$0000000D  c_w.l(__rtentry2.o)
    0x080002c6   0x080002c6   0x00000002   Code   RO          974    .ARM.Collect$$rtexit$$00000000  c_w.l(rtexit.o)
    0x080002c8   0x080002c8   0x00000000   Code   RO          984    .ARM.Collect$$rtexit$$00000002  c_w.l(rtexit2.o)
    0x080002c8   0x080002c8   0x00000004   Code   RO          985    .ARM.Collect$$rtexit$$00000003  c_w.l(rtexit2.o)
    0x080002cc   0x080002cc   0x00000006   Code   RO          986    .ARM.Collect$$rtexit$$00000004  c_w.l(rtexit2.o)
    0x080002d2   0x080002d2   0x00000032   Code   RO            3    .text               main.o
    0x08000304   0x08000304   0x0000001a   Code   RO          166    .text               stm32f4xx_it.o
    0x0800031e   0x0800031e   0x00000002   PAD
    0x08000320   0x08000320   0x00000210   Code   RO          215    .text               system_stm32f4xx.o
    0x08000530   0x08000530   0x00000040   Code   RO          241    .text               led.o
    0x08000570   0x08000570   0x00000040   Code   RO          261    .text               key.o
    0x080005b0   0x080005b0   0x000001dc   Code   RO          281    .text               exti.o
    0x0800078c   0x0800078c   0x00000188   Code   RO          310    .text               timer.o
    0x08000914   0x08000914   0x00000b20   Code   RO          337    .text               tdoa.o
    0x08001434   0x08001434   0x00000104   Code   RO          363    .text               delay.o
    0x08001538   0x08001538   0x00000244   Code   RO          403    .text               usart.o
    0x0800177c   0x0800177c   0x00000040   Code   RO          441    .text               startup_stm32f40_41xxx.o
    0x080017bc   0x080017bc   0x000000e0   Code   RO          447    .text               misc.o
    0x0800189c   0x0800189c   0x00000294   Code   RO          467    .text               stm32f4xx_gpio.o
    0x08001b30   0x08001b30   0x00000110   Code   RO          487    .text               stm32f4xx_exti.o
    0x08001c40   0x08001c40   0x0000065c   Code   RO          507    .text               stm32f4xx_rcc.o
    0x0800229c   0x0800229c   0x00000094   Code   RO          529    .text               stm32f4xx_syscfg.o
    0x08002330   0x08002330   0x00000454   Code   RO          549    .text               stm32f4xx_usart.o
    0x08002784   0x08002784   0x00000ca2   Code   RO          569    .text               stm32f4xx_tim.o
    0x08003426   0x08003426   0x00000002   Code   RO          589    .text               c_w.l(use_no_semi_2.o)
    0x08003428   0x08003428   0x00000034   Code   RO          591    .text               c_w.l(c89vsnprintf.o)
    0x0800345c   0x0800345c   0x00000018   Code   RO          593    .text               c_w.l(__2printf.o)
    0x08003474   0x08003474   0x0000002c   Code   RO          595    .text               c_w.l(__2sprintf.o)
    0x080034a0   0x080034a0   0x00000052   Code   RO          603    .text               c_w.l(_printf_str.o)
    0x080034f2   0x080034f2   0x00000002   PAD
    0x080034f4   0x080034f4   0x00000188   Code   RO          622    .text               c_w.l(__printf_flags_ss_wp.o)
    0x0800367c   0x0800367c   0x0000003e   Code   RO          628    .text               c_w.l(strlen.o)
    0x080036ba   0x080036ba   0x00000006   Code   RO          630    .text               c_w.l(heapauxi.o)
    0x080036c0   0x080036c0   0x00000002   Code   RO          716    .text               c_w.l(use_no_semi.o)
    0x080036c2   0x080036c2   0x00000016   Code   RO          719    .text               c_w.l(_rserrno.o)
    0x080036d8   0x080036d8   0x0000004e   Code   RO          721    .text               c_w.l(_printf_pad.o)
    0x08003726   0x08003726   0x00000024   Code   RO          723    .text               c_w.l(_printf_truncate.o)
    0x0800374a   0x0800374a   0x00000002   PAD
    0x0800374c   0x0800374c   0x00000078   Code   RO          725    .text               c_w.l(_printf_dec.o)
    0x080037c4   0x080037c4   0x00000028   Code   RO          727    .text               c_w.l(_printf_charcount.o)
    0x080037ec   0x080037ec   0x0000041e   Code   RO          729    .text               c_w.l(_printf_fp_dec.o)
    0x08003c0a   0x08003c0a   0x00000002   PAD
    0x08003c0c   0x08003c0c   0x00000030   Code   RO          731    .text               c_w.l(_printf_char_common.o)
    0x08003c3c   0x08003c3c   0x0000000a   Code   RO          733    .text               c_w.l(_sputc.o)
    0x08003c46   0x08003c46   0x00000010   Code   RO          735    .text               c_w.l(_snputc.o)
    0x08003c56   0x08003c56   0x0000002c   Code   RO          737    .text               c_w.l(_printf_char.o)
    0x08003c82   0x08003c82   0x00000002   PAD
    0x08003c84   0x08003c84   0x00000024   Code   RO          739    .text               c_w.l(_printf_char_file.o)
    0x08003ca8   0x08003ca8   0x000000bc   Code   RO          741    .text               c_w.l(_printf_wctomb.o)
    0x08003d64   0x08003d64   0x0000007c   Code   RO          744    .text               c_w.l(_printf_longlong_dec.o)
    0x08003de0   0x08003de0   0x00000070   Code   RO          750    .text               c_w.l(_printf_oct_int_ll.o)
    0x08003e50   0x08003e50   0x00000094   Code   RO          770    .text               c_w.l(_printf_hex_int_ll_ptr.o)
    0x08003ee4   0x08003ee4   0x00000008   Code   RO          855    .text               c_w.l(rt_locale_intlibspace.o)
    0x08003eec   0x08003eec   0x00000008   Code   RO          860    .text               c_w.l(rt_errno_addr_intlibspace.o)
    0x08003ef4   0x08003ef4   0x0000008a   Code   RO          862    .text               c_w.l(lludiv10.o)
    0x08003f7e   0x08003f7e   0x000000b2   Code   RO          864    .text               c_w.l(_printf_intcommon.o)
    0x08004030   0x08004030   0x00000080   Code   RO          866    .text               c_w.l(_printf_fp_infnan.o)
    0x080040b0   0x080040b0   0x0000002c   Code   RO          870    .text               c_w.l(_printf_wchar.o)
    0x080040dc   0x080040dc   0x000000e4   Code   RO          872    .text               c_w.l(bigflt0.o)
    0x080041c0   0x080041c0   0x00000008   Code   RO          897    .text               c_w.l(ferror.o)
    0x080041c8   0x080041c8   0x00000040   Code   RO          901    .text               c_w.l(_wcrtomb.o)
    0x08004208   0x08004208   0x00000008   Code   RO          912    .text               c_w.l(libspace.o)
    0x08004210   0x08004210   0x0000004a   Code   RO          915    .text               c_w.l(sys_stackheap_outer.o)
    0x0800425a   0x0800425a   0x00000002   PAD
    0x0800425c   0x0800425c   0x00000010   Code   RO          917    .text               c_w.l(rt_ctype_table.o)
    0x0800426c   0x0800426c   0x00000012   Code   RO          919    .text               c_w.l(exit.o)
    0x0800427e   0x0800427e   0x00000002   PAD
    0x08004280   0x08004280   0x00000080   Code   RO          921    .text               c_w.l(strcmpv7m.o)
    0x08004300   0x08004300   0x0000003e   Code   RO          875    CL$$btod_d2e        c_w.l(btod.o)
    0x0800433e   0x0800433e   0x00000046   Code   RO          877    CL$$btod_d2e_denorm_low  c_w.l(btod.o)
    0x08004384   0x08004384   0x00000060   Code   RO          876    CL$$btod_d2e_norm_op1  c_w.l(btod.o)
    0x080043e4   0x080043e4   0x00000338   Code   RO          885    CL$$btod_div_common  c_w.l(btod.o)
    0x0800471c   0x0800471c   0x000000dc   Code   RO          882    CL$$btod_e2e        c_w.l(btod.o)
    0x080047f8   0x080047f8   0x0000002a   Code   RO          879    CL$$btod_ediv       c_w.l(btod.o)
    0x08004822   0x08004822   0x0000002a   Code   RO          878    CL$$btod_emul       c_w.l(btod.o)
    0x0800484c   0x0800484c   0x00000244   Code   RO          884    CL$$btod_mult_common  c_w.l(btod.o)
    0x08004a90   0x08004a90   0x00000030   Code   RO          822    i.__ARM_fpclassify  m_wm.l(fpclassify.o)
    0x08004ac0   0x08004ac0   0x00000358   Code   RO          658    i.__hardfp_acos     m_wm.l(acos.o)
    0x08004e18   0x08004e18   0x000002d8   Code   RO          672    i.__hardfp_atan     m_wm.l(atan.o)
    0x080050f0   0x080050f0   0x000000c8   Code   RO          686    i.__hardfp_cos      m_wm.l(cos.o)
    0x080051b8   0x080051b8   0x00000014   Code   RO          698    i.__hardfp_fabs     m_wm.l(fabs.o)
    0x080051cc   0x080051cc   0x0000007a   Code   RO          704    i.__hardfp_sqrt     m_wm.l(sqrt.o)
    0x08005246   0x08005246   0x00000002   PAD
    0x08005248   0x08005248   0x00000438   Code   RO          826    i.__ieee754_rem_pio2  m_wm.l(rred.o)
    0x08005680   0x08005680   0x00000170   Code   RO          805    i.__kernel_cos      m_wm.l(cos_i.o)
    0x080057f0   0x080057f0   0x000000f8   Code   RO          824    i.__kernel_poly     m_wm.l(poly.o)
    0x080058e8   0x080058e8   0x00000130   Code   RO          831    i.__kernel_sin      m_wm.l(sin_i.o)
    0x08005a18   0x08005a18   0x00000014   Code   RO          809    i.__mathlib_dbl_infnan  m_wm.l(dunder.o)
    0x08005a2c   0x08005a2c   0x00000004   PAD
    0x08005a30   0x08005a30   0x00000020   Code   RO          811    i.__mathlib_dbl_invalid  m_wm.l(dunder.o)
    0x08005a50   0x08005a50   0x00000020   Code   RO          814    i.__mathlib_dbl_underflow  m_wm.l(dunder.o)
    0x08005a70   0x08005a70   0x0000000e   Code   RO          615    i._is_digit         c_w.l(__printf_wp.o)
    0x08005a7e   0x08005a7e   0x00000018   Code   RO          700    i.fabs              m_wm.l(fabs.o)
    0x08005a96   0x08005a96   0x0000006e   Code   RO          706    i.sqrt              m_wm.l(sqrt.o)
    0x08005b04   0x08005b04   0x0000002c   Code   RO          904    locale$$code        c_w.l(lc_numeric_c.o)
    0x08005b30   0x08005b30   0x0000002c   Code   RO          977    locale$$code        c_w.l(lc_ctype_c.o)
    0x08005b5c   0x08005b5c   0x00000018   Code   RO          794    x$fpl$basic         fz_wm.l(basic.o)
    0x08005b74   0x08005b74   0x00000150   Code   RO          634    x$fpl$dadd          fz_wm.l(daddsub_clz.o)
    0x08005cc4   0x08005cc4   0x00000018   Code   RO          796    x$fpl$dcmpinf       fz_wm.l(dcmpi.o)
    0x08005cdc   0x08005cdc   0x000002b0   Code   RO          641    x$fpl$ddiv          fz_wm.l(ddiv.o)
    0x08005f8c   0x08005f8c   0x0000005e   Code   RO          906    x$fpl$dfix          fz_wm.l(dfix.o)
    0x08005fea   0x08005fea   0x0000002e   Code   RO          645    x$fpl$dflt          fz_wm.l(dflt_clz.o)
    0x08006018   0x08006018   0x00000026   Code   RO          644    x$fpl$dfltu         fz_wm.l(dflt_clz.o)
    0x0800603e   0x0800603e   0x00000002   PAD
    0x08006040   0x08006040   0x00000078   Code   RO          650    x$fpl$dleqf         fz_wm.l(dleqf.o)
    0x080060b8   0x080060b8   0x00000154   Code   RO          652    x$fpl$dmul          fz_wm.l(dmul.o)
    0x0800620c   0x0800620c   0x0000009c   Code   RO          798    x$fpl$dnaninf       fz_wm.l(dnaninf.o)
    0x080062a8   0x080062a8   0x0000000c   Code   RO          800    x$fpl$dretinf       fz_wm.l(dretinf.o)
    0x080062b4   0x080062b4   0x0000006c   Code   RO          654    x$fpl$drleqf        fz_wm.l(drleqf.o)
    0x08006320   0x08006320   0x00000016   Code   RO          635    x$fpl$drsb          fz_wm.l(daddsub_clz.o)
    0x08006336   0x08006336   0x00000002   PAD
    0x08006338   0x08006338   0x00000198   Code   RO          802    x$fpl$dsqrt         fz_wm.l(dsqrt_umaal.o)
    0x080064d0   0x080064d0   0x000001d4   Code   RO          636    x$fpl$dsub          fz_wm.l(daddsub_clz.o)
    0x080066a4   0x080066a4   0x0000000a   Code   RO          981    x$fpl$fpinit        fz_wm.l(fpinit.o)
    0x080066ae   0x080066ae   0x00000004   Code   RO          656    x$fpl$printf1       fz_wm.l(printf1.o)
    0x080066b2   0x080066b2   0x00000000   Code   RO          804    x$fpl$usenofp       fz_wm.l(usenofp.o)
    0x080066b2   0x080066b2   0x00000011   Data   RO          623    .constdata          c_w.l(__printf_flags_ss_wp.o)
    0x080066c3   0x080066c3   0x00000005   PAD
    0x080066c8   0x080066c8   0x00000050   Data   RO          661    .constdata          m_wm.l(acos.o)
    0x08006718   0x08006718   0x00000098   Data   RO          675    .constdata          m_wm.l(atan.o)
    0x080067b0   0x080067b0   0x00000008   Data   RO          742    .constdata          c_w.l(_printf_wctomb.o)
    0x080067b8   0x080067b8   0x00000028   Data   RO          771    .constdata          c_w.l(_printf_hex_int_ll_ptr.o)
    0x080067e0   0x080067e0   0x00000030   Data   RO          806    .constdata          m_wm.l(cos_i.o)
    0x08006810   0x08006810   0x000000c8   Data   RO          828    .constdata          m_wm.l(rred.o)
    0x080068d8   0x080068d8   0x00000028   Data   RO          832    .constdata          m_wm.l(sin_i.o)
    0x08006900   0x08006900   0x00000094   Data   RO          873    .constdata          c_w.l(bigflt0.o)
    0x08006994   0x08006994   0x00000020   Data   RO         1054    Region$$Table       anon$$obj.o
    0x080069b4   0x080069b4   0x0000001c   Data   RO          903    locale$$data        c_w.l(lc_numeric_c.o)
    0x080069d0   0x080069d0   0x00000110   Data   RO          976    locale$$data        c_w.l(lc_ctype_c.o)


    Execution Region RW_IRAM2 (Exec base: 0x10000000, Load base: 0x08006b34, Size: 0x00000000, Max: 0x00010000, ABSOLUTE)

    **** No section assigned to this execution region ****


    Execution Region RW_IRAM1 (Exec base: 0x20000000, Load base: 0x08006ae0, Size: 0x000008c0, Max: 0x00020000, ABSOLUTE)

    Exec Addr    Load Addr    Size         Type   Attr      Idx    E Section Name        Object

    0x20000000   0x08006ae0   0x00000014   Data   RW          216    .data               system_stm32f4xx.o
    0x20000014   0x08006af4   0x00000020   Data   RW          282    .data               exti.o
    0x20000034   0x08006b14   0x00000004   Data   RW          312    .data               timer.o
    0x20000038   0x08006b18   0x00000004   Data   RW          364    .data               delay.o
    0x2000003c   0x08006b1c   0x00000008   Data   RW          405    .data               usart.o
    0x20000044   0x08006b24   0x00000010   Data   RW          508    .data               stm32f4xx_rcc.o
    0x20000054        -       0x00000032   Zero   RW          311    .bss                timer.o
    0x20000086   0x08006b34   0x00000002   PAD
    0x20000088        -       0x00000048   Zero   RW          338    .bss                tdoa.o
    0x200000d0        -       0x00000190   Zero   RW          404    .bss                usart.o
    0x20000260        -       0x00000060   Zero   RW          913    .bss                c_w.l(libspace.o)
    0x200002c0        -       0x00000200   Zero   RW          439    HEAP                startup_stm32f40_41xxx.o
    0x200004c0        -       0x00000400   Zero   RW          438    STACK               startup_stm32f40_41xxx.o


==============================================================================

Image component sizes


      Code (inc. data)   RO Data    RW Data    ZI Data      Debug   Object Name

       260          8          0          4          0       1581   delay.o
       476         28          0         32          0       2241   exti.o
        64         10          0          0          0        575   key.o
        64          4          0          0          0        575   led.o
        50          0          0          0          0     284751   main.o
       224         20          0          0          0       1921   misc.o
        64         26        392          0       1536        864   startup_stm32f40_41xxx.o
       272         10          0          0          0       2391   stm32f4xx_exti.o
       660         44          0          0          0       4261   stm32f4xx_gpio.o
        26          0          0          0          0       1274   stm32f4xx_it.o
      1628         52          0         16          0      13188   stm32f4xx_rcc.o
       148         12          0          0          0       1897   stm32f4xx_syscfg.o
      3234         60          0          0          0      23116   stm32f4xx_tim.o
      1108         34          0          0          0       7984   stm32f4xx_usart.o
       528         46          0         20          0       1931   system_stm32f4xx.o
      2848        206          0          0         72       2846   tdoa.o
       392         84          0          4         50       1819   timer.o
       580         20          0          8        400       5089   usart.o

    ----------------------------------------------------------------------
     12628        664        424         84       2060     358304   Object Totals
         0          0         32          0          0          0   (incl. Generated)
         2          0          0          0          2          0   (incl. Padding)

    ----------------------------------------------------------------------

      Code (inc. data)   RO Data    RW Data    ZI Data      Debug   Library Member Name

        24          4          0          0          0         84   __2printf.o
        44          6          0          0          0         84   __2sprintf.o
         8          0          0          0          0         68   __main.o
       392          4         17          0          0         92   __printf_flags_ss_wp.o
        14          0          0          0          0         68   __printf_wp.o
         0          0          0          0          0          0   __rtentry.o
        12          0          0          0          0          0   __rtentry2.o
         6          0          0          0          0          0   __rtentry4.o
        52          8          0          0          0          0   __scatter.o
        26          0          0          0          0          0   __scatter_copy.o
        28          0          0          0          0          0   __scatter_zi.o
         6          0          0          0          0          0   _printf_a.o
         6          0          0          0          0          0   _printf_c.o
        44          0          0          0          0        108   _printf_char.o
        48          6          0          0          0         96   _printf_char_common.o
        36          4          0          0          0         80   _printf_char_file.o
        40          0          0          0          0         68   _printf_charcount.o
         6          0          0          0          0          0   _printf_d.o
       120         16          0          0          0         92   _printf_dec.o
         6          0          0          0          0          0   _printf_e.o
         6          0          0          0          0          0   _printf_f.o
      1054          0          0          0          0        216   _printf_fp_dec.o
       128         16          0          0          0         84   _printf_fp_infnan.o
         6          0          0          0          0          0   _printf_g.o
       148          4         40          0          0        160   _printf_hex_int_ll_ptr.o
         6          0          0          0          0          0   _printf_i.o
       178          0          0          0          0         88   _printf_intcommon.o
        10          0          0          0          0          0   _printf_l.o
         6          0          0          0          0          0   _printf_lc.o
        10          0          0          0          0          0   _printf_ll.o
         6          0          0          0          0          0   _printf_lld.o
         6          0          0          0          0          0   _printf_lli.o
         6          0          0          0          0          0   _printf_llo.o
         6          0          0          0          0          0   _printf_llu.o
         6          0          0          0          0          0   _printf_llx.o
       124         16          0          0          0         92   _printf_longlong_dec.o
         6          0          0          0          0          0   _printf_ls.o
         6          0          0          0          0          0   _printf_n.o
         6          0          0          0          0          0   _printf_o.o
       112         10          0          0          0        124   _printf_oct_int_ll.o
         6          0          0          0          0          0   _printf_p.o
        78          0          0          0          0        108   _printf_pad.o
         0          0          0          0          0          0   _printf_percent.o
         4          0          0          0          0          0   _printf_percent_end.o
         6          0          0          0          0          0   _printf_s.o
        82          0          0          0          0         80   _printf_str.o
        36          0          0          0          0         84   _printf_truncate.o
         6          0          0          0          0          0   _printf_u.o
        44          0          0          0          0        108   _printf_wchar.o
       188          6          8          0          0         92   _printf_wctomb.o
         6          0          0          0          0          0   _printf_x.o
        22          0          0          0          0        100   _rserrno.o
        16          0          0          0          0         68   _snputc.o
        10          0          0          0          0         68   _sputc.o
        64          0          0          0          0         92   _wcrtomb.o
       228          4        148          0          0         96   bigflt0.o
      1936        128          0          0          0        672   btod.o
        52          4          0          0          0         80   c89vsnprintf.o
        18          0          0          0          0         80   exit.o
         8          0          0          0          0         68   ferror.o
         6          0          0          0          0        152   heapauxi.o
        44         10        272          0          0         76   lc_ctype_c.o
        44         10         28          0          0         76   lc_numeric_c.o
         2          0          0          0          0          0   libinit.o
        34          0          0          0          0          0   libinit2.o
         2          0          0          0          0          0   libshutdown.o
         2          0          0          0          0          0   libshutdown2.o
         8          4          0          0         96         68   libspace.o
       138          0          0          0          0         80   lludiv10.o
        16          4          0          0          0         76   rt_ctype_table.o
         8          4          0          0          0         68   rt_errno_addr_intlibspace.o
         8          4          0          0          0         68   rt_locale_intlibspace.o
         2          0          0          0          0          0   rtexit.o
        10          0          0          0          0          0   rtexit2.o
       128          0          0          0          0         68   strcmpv7m.o
        62          0          0          0          0         76   strlen.o
        74          0          0          0          0         80   sys_stackheap_outer.o
         2          0          0          0          0         68   use_no_semi.o
         2          0          0          0          0         68   use_no_semi_2.o
        24          0          0          0          0        164   basic.o
       826         16          0          0          0        492   daddsub_clz.o
        24          0          0          0          0        116   dcmpi.o
       688        140          0          0          0        256   ddiv.o
        94          4          0          0          0        140   dfix.o
        84          0          0          0          0        232   dflt_clz.o
       120          4          0          0          0        140   dleqf.o
       340         12          0          0          0        152   dmul.o
       156          4          0          0          0        140   dnaninf.o
        12          0          0          0          0        116   dretinf.o
       108          0          0          0          0        128   drleqf.o
       408         56          0          0          0        168   dsqrt_umaal.o
        10          0          0          0          0        116   fpinit.o
         4          0          0          0          0        116   printf1.o
         0          0          0          0          0          0   usenofp.o
       856        118         80          0          0        288   acos.o
       728        106        152          0          0        228   atan.o
       200         20          0          0          0        164   cos.o
       368         46         48          0          0        200   cos_i.o
        84         16          0          0          0        372   dunder.o
        44          0          0          0          0        248   fabs.o
        48          0          0          0          0        124   fpclassify.o
       248          0          0          0          0        152   poly.o
      1080        142        200          0          0        188   rred.o
       304         24         40          0          0        208   sin_i.o
       232          0          0          0          0        296   sqrt.o

    ----------------------------------------------------------------------
     13270        980       1038          0         96       9368   Library Totals
        24          0          5          0          0          0   (incl. Padding)

    ----------------------------------------------------------------------

      Code (inc. data)   RO Data    RW Data    ZI Data      Debug   Library Name

      6156        272        513          0         96       4424   c_w.l
      2898        236          0          0          0       2476   fz_wm.l
      4192        472        520          0          0       2468   m_wm.l

    ----------------------------------------------------------------------
     13270        980       1038          0         96       9368   Library Totals

    ----------------------------------------------------------------------

==============================================================================


      Code (inc. data)   RO Data    RW Data    ZI Data      Debug   

     25898       1644       1462         84       2156     358728   Grand Totals
     25898       1644       1462         84       2156     358728   ELF Image Totals
     25898       1644       1462         84          0          0   ROM Totals

==============================================================================

    Total RO  Size (Code + RO Data)                27360 (  26.72kB)
    Total RW  Size (RW Data + ZI Data)              2240 (   2.19kB)
    Total ROM Size (Code + RO Data + RW Data)      27444 (  26.80kB)

==============================================================================

